I (3522) moq-ultra-audio: phase=before internal=374499 minimum=342468 psram=8386192 stack_free=14744
I (3522) moq-ultra-audio: phase=opened internal=374483 minimum=342452 psram=8346424 stack_free=14088
I (3592) moq-ultra-audio: case=0 expected=1 samples=1 rms_lsb=0.000 drained=1
I (3672) moq-ultra-audio: case=1 expected=104 samples=104 rms_lsb=0.000 drained=1
I (3752) moq-ultra-audio: case=2 expected=216 samples=216 rms_lsb=0.000 drained=1
I (3842) moq-ultra-audio: case=3 expected=319 samples=319 rms_lsb=0.000 drained=1
I (3932) moq-ultra-audio: case=4 expected=320 samples=320 rms_lsb=0.000 drained=1
I (4022) moq-ultra-audio: case=5 expected=321 samples=321 rms_lsb=0.000 drained=1
I (4122) moq-ultra-audio: case=6 expected=537 samples=537 rms_lsb=0.000 drained=1
I (4292) moq-ultra-audio: case=7 expected=1600 samples=1600 rms_lsb=0.000 drained=1
I (4522) moq-ultra-audio: case=8 expected=2483 samples=2483 rms_lsb=0.000 drained=1
I (4592) moq-ultra-audio: case=0 expected=1 samples=1 rms_lsb=0.000 drained=1
I (4672) moq-ultra-audio: case=1 expected=104 samples=104 rms_lsb=0.000 drained=1
I (4752) moq-ultra-audio: case=2 expected=216 samples=216 rms_lsb=0.000 drained=1
I (4842) moq-ultra-audio: case=3 expected=319 samples=319 rms_lsb=0.000 drained=1
I (4932) moq-ultra-audio: case=4 expected=320 samples=320 rms_lsb=0.000 drained=1
I (5022) moq-ultra-audio: case=5 expected=321 samples=321 rms_lsb=0.000 drained=1
I (5122) moq-ultra-audio: case=6 expected=537 samples=537 rms_lsb=0.000 drained=1
I (5292) moq-ultra-audio: case=7 expected=1600 samples=1600 rms_lsb=0.000 drained=1
I (5522) moq-ultra-audio: case=8 expected=2483 samples=2483 rms_lsb=0.000 drained=1
I (5592) moq-ultra-audio: case=0 expected=1 samples=1 rms_lsb=0.000 drained=1
I (5672) moq-ultra-audio: case=1 expected=104 samples=104 rms_lsb=0.000 drained=1
I (5752) moq-ultra-audio: case=2 expected=216 samples=216 rms_lsb=0.000 drained=1
I (5842) moq-ultra-audio: case=3 expected=319 samples=319 rms_lsb=0.000 drained=1
I (5932) moq-ultra-audio: case=4 expected=320 samples=320 rms_lsb=0.000 drained=1
I (6022) moq-ultra-audio: case=5 expected=321 samples=321 rms_lsb=0.000 drained=1
I (6122) moq-ultra-audio: case=6 expected=537 samples=537 rms_lsb=0.000 drained=1
I (6292) moq-ultra-audio: case=7 expected=1600 samples=1600 rms_lsb=0.000 drained=1
I (6522) moq-ultra-audio: case=8 expected=2483 samples=2483 rms_lsb=0.000 drained=1
I (6522) moq-ultra-audio: plc=1
I (6522) moq-ultra-audio: encoder_info result=0 rate=16000 channels=1 bitrate=24000 description_bytes=0 head_result=4 pre_skip=0
I (6522) moq-ultra-audio: phase=after_close internal=374479 minimum=342388 psram=8386192 stack_free=7336
I (6522) moq-ultra-audio: cases_passed=27 decode_calls=82 decode_max_us=2600 decode_total_us=97818
I (6522) moq-ultra-audio: ULTRA_AUDIO_FINAL pass=1 scope=codec_player_no_i2s_no_network
