rm -f test_wire test_wire_sanitize test_dispatch test_dispatch_sanitize test_transmit test_transmit_sanitize dispatch_fixtures.h fuzz_wire
cc -I../../components/esp_moq/include -std=c11 -O2 -g -Wall -Wextra -Werror -Wconversion -Wshadow -Wstrict-prototypes -pedantic ../../components/esp_moq/src/client.c ../../components/esp_moq/src/dispatch.c ../../components/esp_moq/src/codec.c ../../components/esp_moq/src/error.c ../../components/esp_moq/src/hang.c ../../components/esp_moq/src/lite05.c ../../components/esp_moq/src/lite05_control.c ../../components/esp_moq/src/receive.c ../../components/esp_moq/src/session.c ../../components/esp_moq/src/transport.c ../../components/esp_moq/src/transmit.c test_wire.c -o test_wire
python3 dispatch_fixtures.py > dispatch_fixtures.h
cc -I../../components/esp_moq/include -std=c11 -O2 -g -Wall -Wextra -Werror -Wconversion -Wshadow -Wstrict-prototypes -pedantic ../../components/esp_moq/src/client.c ../../components/esp_moq/src/dispatch.c ../../components/esp_moq/src/codec.c ../../components/esp_moq/src/error.c ../../components/esp_moq/src/hang.c ../../components/esp_moq/src/lite05.c ../../components/esp_moq/src/lite05_control.c ../../components/esp_moq/src/receive.c ../../components/esp_moq/src/session.c ../../components/esp_moq/src/transport.c ../../components/esp_moq/src/transmit.c test_dispatch.c -o test_dispatch
cc -I../../components/esp_moq/include -std=c11 -O2 -g -Wall -Wextra -Werror -Wconversion -Wshadow -Wstrict-prototypes -pedantic ../../components/esp_moq/src/client.c ../../components/esp_moq/src/dispatch.c ../../components/esp_moq/src/codec.c ../../components/esp_moq/src/error.c ../../components/esp_moq/src/hang.c ../../components/esp_moq/src/lite05.c ../../components/esp_moq/src/lite05_control.c ../../components/esp_moq/src/receive.c ../../components/esp_moq/src/session.c ../../components/esp_moq/src/transport.c ../../components/esp_moq/src/transmit.c test_transmit.c -o test_transmit
./test_wire
PASS: 300621 checks
./test_dispatch
PASS: reference-fixture dispatcher fragmentation, interleaving, lifecycle, bounds and 10000 group retirements; storage=7344
./test_transmit
PASS: owned TX copying, partial writes/FIN, control reserve, fairness, deadlines, cancellation and retirement; 4x128 pool=1760
cc -I../../components/esp_moq/include -std=c11 -O2 -g -Wall -Wextra -Werror -Wconversion -Wshadow -Wstrict-prototypes -pedantic -O1 -fno-omit-frame-pointer -fsanitize=address,undefined ../../components/esp_moq/src/client.c ../../components/esp_moq/src/dispatch.c ../../components/esp_moq/src/codec.c ../../components/esp_moq/src/error.c ../../components/esp_moq/src/hang.c ../../components/esp_moq/src/lite05.c ../../components/esp_moq/src/lite05_control.c ../../components/esp_moq/src/receive.c ../../components/esp_moq/src/session.c ../../components/esp_moq/src/transport.c ../../components/esp_moq/src/transmit.c test_wire.c -o test_wire_sanitize
cc -I../../components/esp_moq/include -std=c11 -O2 -g -Wall -Wextra -Werror -Wconversion -Wshadow -Wstrict-prototypes -pedantic -O1 -fno-omit-frame-pointer -fsanitize=address,undefined ../../components/esp_moq/src/client.c ../../components/esp_moq/src/dispatch.c ../../components/esp_moq/src/codec.c ../../components/esp_moq/src/error.c ../../components/esp_moq/src/hang.c ../../components/esp_moq/src/lite05.c ../../components/esp_moq/src/lite05_control.c ../../components/esp_moq/src/receive.c ../../components/esp_moq/src/session.c ../../components/esp_moq/src/transport.c ../../components/esp_moq/src/transmit.c test_dispatch.c -o test_dispatch_sanitize
cc -I../../components/esp_moq/include -std=c11 -O2 -g -Wall -Wextra -Werror -Wconversion -Wshadow -Wstrict-prototypes -pedantic -O1 -fno-omit-frame-pointer -fsanitize=address,undefined ../../components/esp_moq/src/client.c ../../components/esp_moq/src/dispatch.c ../../components/esp_moq/src/codec.c ../../components/esp_moq/src/error.c ../../components/esp_moq/src/hang.c ../../components/esp_moq/src/lite05.c ../../components/esp_moq/src/lite05_control.c ../../components/esp_moq/src/receive.c ../../components/esp_moq/src/session.c ../../components/esp_moq/src/transport.c ../../components/esp_moq/src/transmit.c test_transmit.c -o test_transmit_sanitize
./test_wire_sanitize
PASS: 300621 checks
./test_dispatch_sanitize
PASS: reference-fixture dispatcher fragmentation, interleaving, lifecycle, bounds and 10000 group retirements; storage=7344
./test_transmit_sanitize
PASS: owned TX copying, partial writes/FIN, control reserve, fairness, deadlines, cancellation and retirement; 4x128 pool=1760
