I (3694) moq-ultra-net: phase=boot sent=0 received=0 replies=0 control=0 reset_tx=0 reset_rx=0 internal_free=317439 internal_min=285408 internal_largest=221184 psram_free=8386192 stack_free=10652
I (4857) moq-ultra-net: phase=wifi sent=0 received=0 replies=0 control=0 reset_tx=0 reset_rx=0 internal_free=267523 internal_min=232984 internal_largest=192512 psram_free=8386076 stack_free=10076
I (4859) moq-ultra-net: phase=before_start sent=0 received=0 replies=0 control=0 reset_tx=0 reset_rx=0 internal_free=255359 internal_min=223308 internal_largest=180224 psram_free=8357912 stack_free=10076
I (8291) moq-ultra-net: phase=quic_connected sent=0 received=0 replies=0 control=0 reset_tx=0 reset_rx=0 internal_free=204775 internal_min=149024 internal_largest=108544 psram_free=8357912 stack_free=3788
I (8375) moq-ultra-net: RESULT phase=setup pass=1 result=0 sent=0 received=0 replies=0 elapsed_us=3515382
I (8375) moq-ultra-net: phase=before_destroy sent=0 received=0 replies=0 control=0 reset_tx=0 reset_rx=0 internal_free=214383 internal_min=149024 internal_largest=131072 psram_free=8357912 stack_free=3788
I (8377) moq-ultra-net: phase=after_destroy sent=0 received=0 replies=0 control=0 reset_tx=0 reset_rx=0 internal_free=266991 internal_min=149024 internal_largest=143360 psram_free=8386076 stack_free=3788
I (8879) moq-ultra-net: phase=before_start sent=0 received=0 replies=0 control=0 reset_tx=0 reset_rx=0 internal_free=254999 internal_min=149024 internal_largest=143360 psram_free=8346644 stack_free=3788
I (12294) moq-ultra-net: phase=quic_connected sent=0 received=0 replies=0 control=0 reset_tx=0 reset_rx=0 internal_free=204799 internal_min=149024 internal_largest=110592 psram_free=8346644 stack_free=3788
I (18885) moq-ultra-net: phase=streaming sent=330 received=320 replies=1 control=1 reset_tx=0 reset_rx=0 internal_free=212083 internal_min=149024 internal_largest=126976 psram_free=8346644 stack_free=3788
I (28883) moq-ultra-net: phase=streaming sent=830 received=820 replies=2 control=2 reset_tx=1 reset_rx=1 internal_free=210255 internal_min=149024 internal_largest=126976 psram_free=8346644 stack_free=3788
I (38884) moq-ultra-net: phase=streaming sent=1330 received=1320 replies=3 control=3 reset_tx=2 reset_rx=2 internal_free=210255 internal_min=149024 internal_largest=126976 psram_free=8346644 stack_free=3788
I (48882) moq-ultra-net: phase=streaming sent=1830 received=1820 replies=4 control=4 reset_tx=3 reset_rx=3 internal_free=210255 internal_min=149024 internal_largest=126976 psram_free=8346644 stack_free=3788
I (58881) moq-ultra-net: phase=streaming sent=2329 received=2320 replies=5 control=5 reset_tx=4 reset_rx=4 internal_free=212063 internal_min=149024 internal_largest=126976 psram_free=8346644 stack_free=3788
I (68883) moq-ultra-net: phase=streaming sent=2830 received=2820 replies=6 control=6 reset_tx=5 reset_rx=5 internal_free=212063 internal_min=149024 internal_largest=126976 psram_free=8346644 stack_free=3788
I (78883) moq-ultra-net: phase=streaming sent=3330 received=3320 replies=7 control=7 reset_tx=6 reset_rx=6 internal_free=212063 internal_min=149024 internal_largest=126976 psram_free=8346644 stack_free=3788
I (88883) moq-ultra-net: phase=streaming sent=3830 received=3820 replies=8 control=8 reset_tx=7 reset_rx=7 internal_free=210255 internal_min=149024 internal_largest=126976 psram_free=8346644 stack_free=3788
I (98883) moq-ultra-net: phase=streaming sent=4330 received=4320 replies=9 control=9 reset_tx=8 reset_rx=8 internal_free=210255 internal_min=149024 internal_largest=126976 psram_free=8346644 stack_free=3788
I (108883) moq-ultra-net: phase=streaming sent=4830 received=4820 replies=10 control=10 reset_tx=9 reset_rx=9 internal_free=210255 internal_min=149024 internal_largest=126976 psram_free=8346644 stack_free=3788
I (118883) moq-ultra-net: phase=streaming sent=5330 received=5320 replies=11 control=11 reset_tx=10 reset_rx=10 internal_free=210255 internal_min=149024 internal_largest=126976 psram_free=8346644 stack_free=3788
I (128884) moq-ultra-net: phase=streaming sent=5830 received=5820 replies=12 control=12 reset_tx=11 reset_rx=11 internal_free=208463 internal_min=149024 internal_largest=126976 psram_free=8346644 stack_free=3788
I (138884) moq-ultra-net: phase=streaming sent=6330 received=6320 replies=13 control=13 reset_tx=12 reset_rx=12 internal_free=210275 internal_min=149024 internal_largest=126976 psram_free=8346644 stack_free=3788
I (148880) moq-ultra-net: phase=streaming sent=6830 received=6819 replies=14 control=14 reset_tx=13 reset_rx=13 internal_free=210275 internal_min=149024 internal_largest=126976 psram_free=8346644 stack_free=3788
I (158884) moq-ultra-net: phase=streaming sent=7330 received=7320 replies=15 control=15 reset_tx=14 reset_rx=14 internal_free=212083 internal_min=149024 internal_largest=126976 psram_free=8346644 stack_free=3788
I (168883) moq-ultra-net: phase=streaming sent=7830 received=7820 replies=16 control=16 reset_tx=15 reset_rx=15 internal_free=212083 internal_min=149024 internal_largest=126976 psram_free=8346644 stack_free=3788
I (178882) moq-ultra-net: phase=streaming sent=8330 received=8319 replies=17 control=17 reset_tx=16 reset_rx=16 internal_free=212083 internal_min=149024 internal_largest=126976 psram_free=8346644 stack_free=3788
I (188883) moq-ultra-net: phase=streaming sent=8830 received=8820 replies=18 control=18 reset_tx=17 reset_rx=17 internal_free=210275 internal_min=149024 internal_largest=126976 psram_free=8346644 stack_free=3788
I (198880) moq-ultra-net: phase=streaming sent=9330 received=9319 replies=19 control=19 reset_tx=18 reset_rx=18 internal_free=210275 internal_min=149024 internal_largest=126976 psram_free=8346644 stack_free=3788
I (208880) moq-ultra-net: phase=streaming sent=9830 received=9819 replies=20 control=20 reset_tx=19 reset_rx=19 internal_free=211779 internal_min=149024 internal_largest=126976 psram_free=8346644 stack_free=3788
I (218884) moq-ultra-net: phase=streaming sent=10330 received=10320 replies=21 control=21 reset_tx=20 reset_rx=20 internal_free=210275 internal_min=149024 internal_largest=126976 psram_free=8346644 stack_free=3788
I (228881) moq-ultra-net: phase=streaming sent=10830 received=10819 replies=22 control=22 reset_tx=21 reset_rx=21 internal_free=210299 internal_min=149024 internal_largest=126976 psram_free=8346644 stack_free=3788
I (238882) moq-ultra-net: phase=streaming sent=11330 received=11319 replies=23 control=23 reset_tx=22 reset_rx=22 internal_free=211779 internal_min=149024 internal_largest=126976 psram_free=8346644 stack_free=3788
I (248884) moq-ultra-net: phase=streaming sent=11830 received=11820 replies=24 control=24 reset_tx=23 reset_rx=23 internal_free=212083 internal_min=149024 internal_largest=126976 psram_free=8346644 stack_free=3788
I (258884) moq-ultra-net: phase=streaming sent=12330 received=12320 replies=25 control=25 reset_tx=24 reset_rx=24 internal_free=210275 internal_min=149024 internal_largest=126976 psram_free=8346644 stack_free=3788
I (268882) moq-ultra-net: phase=streaming sent=12830 received=12819 replies=26 control=26 reset_tx=25 reset_rx=25 internal_free=212083 internal_min=149024 internal_largest=126976 psram_free=8346644 stack_free=3788
I (278882) moq-ultra-net: phase=streaming sent=13330 received=13319 replies=27 control=27 reset_tx=26 reset_rx=26 internal_free=212083 internal_min=149024 internal_largest=126976 psram_free=8346644 stack_free=3788
I (288881) moq-ultra-net: phase=streaming sent=13830 received=13819 replies=28 control=28 reset_tx=27 reset_rx=27 internal_free=212083 internal_min=149024 internal_largest=126976 psram_free=8346644 stack_free=3788
I (298880) moq-ultra-net: phase=streaming sent=14330 received=14319 replies=29 control=29 reset_tx=28 reset_rx=28 internal_free=212083 internal_min=149024 internal_largest=126976 psram_free=8346644 stack_free=3788
I (308886) moq-ultra-net: phase=streaming sent=14829 received=14820 replies=30 control=30 reset_tx=29 reset_rx=29 internal_free=212083 internal_min=149024 internal_largest=126976 psram_free=8346644 stack_free=3788
I (318886) moq-ultra-net: phase=streaming sent=15330 received=15320 replies=31 control=31 reset_tx=30 reset_rx=30 internal_free=212083 internal_min=149024 internal_largest=126976 psram_free=8346644 stack_free=3788
I (328880) moq-ultra-net: phase=streaming sent=15830 received=15819 replies=32 control=32 reset_tx=31 reset_rx=31 internal_free=212083 internal_min=149024 internal_largest=126976 psram_free=8346644 stack_free=3788
I (338881) moq-ultra-net: phase=streaming sent=16330 received=16319 replies=33 control=33 reset_tx=32 reset_rx=32 internal_free=212083 internal_min=149024 internal_largest=126976 psram_free=8346644 stack_free=3788
I (348882) moq-ultra-net: phase=streaming sent=16830 received=16819 replies=34 control=34 reset_tx=33 reset_rx=33 internal_free=212083 internal_min=149024 internal_largest=126976 psram_free=8346644 stack_free=3788
I (358882) moq-ultra-net: phase=streaming sent=17330 received=17319 replies=35 control=35 reset_tx=34 reset_rx=34 internal_free=212083 internal_min=149024 internal_largest=126976 psram_free=8346644 stack_free=3788
I (368882) moq-ultra-net: phase=streaming sent=17830 received=17819 replies=36 control=36 reset_tx=35 reset_rx=35 internal_free=210299 internal_min=149024 internal_largest=126976 psram_free=8346644 stack_free=3788
I (378880) moq-ultra-net: phase=streaming sent=18330 received=18319 replies=37 control=37 reset_tx=36 reset_rx=36 internal_free=212083 internal_min=149024 internal_largest=126976 psram_free=8346644 stack_free=3788
I (388880) moq-ultra-net: phase=streaming sent=18830 received=18819 replies=38 control=38 reset_tx=37 reset_rx=37 internal_free=210255 internal_min=149024 internal_largest=126976 psram_free=8346644 stack_free=3788
I (398882) moq-ultra-net: phase=streaming sent=19330 received=19319 replies=39 control=39 reset_tx=38 reset_rx=38 internal_free=212083 internal_min=149024 internal_largest=126976 psram_free=8346644 stack_free=3788
I (408882) moq-ultra-net: phase=streaming sent=19830 received=19819 replies=40 control=40 reset_tx=39 reset_rx=39 internal_free=212083 internal_min=149024 internal_largest=126976 psram_free=8346644 stack_free=3788
I (418881) moq-ultra-net: phase=streaming sent=20330 received=20319 replies=41 control=41 reset_tx=40 reset_rx=40 internal_free=212083 internal_min=149024 internal_largest=126976 psram_free=8346644 stack_free=3788
I (428880) moq-ultra-net: phase=streaming sent=20830 received=20819 replies=42 control=42 reset_tx=41 reset_rx=41 internal_free=212083 internal_min=149024 internal_largest=126976 psram_free=8346644 stack_free=3788
I (438882) moq-ultra-net: phase=streaming sent=21330 received=21319 replies=43 control=43 reset_tx=42 reset_rx=42 internal_free=212083 internal_min=149024 internal_largest=126976 psram_free=8346644 stack_free=3788
I (448881) moq-ultra-net: phase=streaming sent=21830 received=21819 replies=44 control=44 reset_tx=43 reset_rx=43 internal_free=212083 internal_min=149024 internal_largest=126976 psram_free=8346644 stack_free=3788
I (458880) moq-ultra-net: phase=streaming sent=22330 received=22319 replies=45 control=45 reset_tx=44 reset_rx=44 internal_free=210299 internal_min=149024 internal_largest=126976 psram_free=8346644 stack_free=3788
I (468882) moq-ultra-net: phase=streaming sent=22830 received=22819 replies=46 control=46 reset_tx=45 reset_rx=45 internal_free=212083 internal_min=149024 internal_largest=126976 psram_free=8346644 stack_free=3788
I (478882) moq-ultra-net: phase=streaming sent=23330 received=23319 replies=47 control=47 reset_tx=46 reset_rx=46 internal_free=212083 internal_min=149024 internal_largest=126976 psram_free=8346644 stack_free=3788
I (488880) moq-ultra-net: phase=streaming sent=23830 received=23819 replies=48 control=48 reset_tx=47 reset_rx=47 internal_free=212083 internal_min=149024 internal_largest=126976 psram_free=8346644 stack_free=3788
I (498880) moq-ultra-net: phase=streaming sent=24330 received=24319 replies=49 control=49 reset_tx=48 reset_rx=48 internal_free=212083 internal_min=149024 internal_largest=126976 psram_free=8346644 stack_free=3788
I (508881) moq-ultra-net: phase=streaming sent=24830 received=24819 replies=50 control=50 reset_tx=49 reset_rx=49 internal_free=211779 internal_min=149024 internal_largest=126976 psram_free=8346644 stack_free=3788
I (518881) moq-ultra-net: phase=streaming sent=25330 received=25319 replies=51 control=51 reset_tx=50 reset_rx=50 internal_free=212083 internal_min=149024 internal_largest=126976 psram_free=8346644 stack_free=3788
I (528882) moq-ultra-net: phase=streaming sent=25830 received=25819 replies=52 control=52 reset_tx=51 reset_rx=51 internal_free=212083 internal_min=149024 internal_largest=126976 psram_free=8346644 stack_free=3788
I (538882) moq-ultra-net: phase=streaming sent=26330 received=26319 replies=53 control=53 reset_tx=52 reset_rx=52 internal_free=212083 internal_min=149024 internal_largest=126976 psram_free=8346644 stack_free=3788
I (548881) moq-ultra-net: phase=streaming sent=26830 received=26819 replies=54 control=54 reset_tx=53 reset_rx=53 internal_free=212083 internal_min=149024 internal_largest=126976 psram_free=8346644 stack_free=3788
I (558880) moq-ultra-net: phase=streaming sent=27330 received=27319 replies=55 control=55 reset_tx=54 reset_rx=54 internal_free=211895 internal_min=149024 internal_largest=126976 psram_free=8346644 stack_free=3788
I (568881) moq-ultra-net: phase=streaming sent=27830 received=27819 replies=56 control=56 reset_tx=55 reset_rx=55 internal_free=211895 internal_min=149024 internal_largest=126976 psram_free=8346644 stack_free=3788
I (578884) moq-ultra-net: phase=streaming sent=28330 received=28319 replies=57 control=57 reset_tx=56 reset_rx=56 internal_free=211895 internal_min=149024 internal_largest=126976 psram_free=8346644 stack_free=3788
I (588880) moq-ultra-net: phase=streaming sent=28830 received=28819 replies=58 control=58 reset_tx=57 reset_rx=57 internal_free=211847 internal_min=149024 internal_largest=126976 psram_free=8346644 stack_free=3788
I (598880) moq-ultra-net: phase=streaming sent=29330 received=29319 replies=59 control=59 reset_tx=58 reset_rx=58 internal_free=210039 internal_min=149024 internal_largest=126976 psram_free=8346644 stack_free=3788
I (608882) moq-ultra-net: phase=streaming sent=29830 received=29819 replies=60 control=60 reset_tx=59 reset_rx=59 internal_free=210039 internal_min=149024 internal_largest=126976 psram_free=8346644 stack_free=3788
I (618882) moq-ultra-net: phase=streaming sent=30330 received=30319 replies=61 control=61 reset_tx=60 reset_rx=60 internal_free=210039 internal_min=149024 internal_largest=126976 psram_free=8346644 stack_free=3788
I (628881) moq-ultra-net: phase=streaming sent=30830 received=30819 replies=62 control=62 reset_tx=61 reset_rx=61 internal_free=211847 internal_min=149024 internal_largest=126976 psram_free=8346644 stack_free=3788
I (638884) moq-ultra-net: phase=streaming sent=31330 received=31319 replies=63 control=63 reset_tx=62 reset_rx=62 internal_free=210039 internal_min=149024 internal_largest=126976 psram_free=8346644 stack_free=3788
I (648881) moq-ultra-net: phase=streaming sent=31830 received=31819 replies=64 control=64 reset_tx=63 reset_rx=63 internal_free=211847 internal_min=149024 internal_largest=126976 psram_free=8346644 stack_free=3788
I (658881) moq-ultra-net: phase=streaming sent=32330 received=32319 replies=65 control=65 reset_tx=64 reset_rx=64 internal_free=211847 internal_min=149024 internal_largest=126976 psram_free=8346644 stack_free=3788
I (668882) moq-ultra-net: phase=streaming sent=32830 received=32819 replies=66 control=66 reset_tx=65 reset_rx=65 internal_free=211847 internal_min=149024 internal_largest=126976 psram_free=8346644 stack_free=3788
I (678882) moq-ultra-net: phase=streaming sent=33330 received=33319 replies=67 control=67 reset_tx=66 reset_rx=66 internal_free=210039 internal_min=149024 internal_largest=126976 psram_free=8346644 stack_free=3788
I (688880) moq-ultra-net: phase=streaming sent=33830 received=33819 replies=68 control=68 reset_tx=67 reset_rx=67 internal_free=210039 internal_min=149024 internal_largest=126976 psram_free=8346644 stack_free=3788
I (698883) moq-ultra-net: phase=streaming sent=34330 received=34319 replies=69 control=69 reset_tx=68 reset_rx=68 internal_free=211847 internal_min=149024 internal_largest=126976 psram_free=8346644 stack_free=3788
I (708880) moq-ultra-net: phase=streaming sent=34830 received=34819 replies=70 control=70 reset_tx=69 reset_rx=69 internal_free=211847 internal_min=149024 internal_largest=126976 psram_free=8346644 stack_free=3788
I (718881) moq-ultra-net: phase=streaming sent=35330 received=35319 replies=71 control=71 reset_tx=70 reset_rx=70 internal_free=211847 internal_min=149024 internal_largest=126976 psram_free=8346644 stack_free=3788
I (728882) moq-ultra-net: phase=streaming sent=35830 received=35819 replies=72 control=72 reset_tx=71 reset_rx=71 internal_free=211847 internal_min=149024 internal_largest=126976 psram_free=8346644 stack_free=3788
I (738881) moq-ultra-net: phase=streaming sent=36330 received=36319 replies=73 control=73 reset_tx=72 reset_rx=72 internal_free=211847 internal_min=149024 internal_largest=126976 psram_free=8346644 stack_free=3788
I (748882) moq-ultra-net: phase=streaming sent=36830 received=36819 replies=74 control=74 reset_tx=73 reset_rx=73 internal_free=211847 internal_min=149024 internal_largest=126976 psram_free=8346644 stack_free=3788
I (758880) moq-ultra-net: phase=streaming sent=37330 received=37319 replies=75 control=75 reset_tx=74 reset_rx=74 internal_free=211547 internal_min=149024 internal_largest=126976 psram_free=8346644 stack_free=3788
I (768882) moq-ultra-net: phase=streaming sent=37830 received=37819 replies=76 control=76 reset_tx=75 reset_rx=75 internal_free=210039 internal_min=149024 internal_largest=126976 psram_free=8346644 stack_free=3788
I (778881) moq-ultra-net: phase=streaming sent=38330 received=38319 replies=77 control=77 reset_tx=76 reset_rx=76 internal_free=211847 internal_min=149024 internal_largest=126976 psram_free=8346644 stack_free=3788
I (788882) moq-ultra-net: phase=streaming sent=38830 received=38819 replies=78 control=78 reset_tx=77 reset_rx=77 internal_free=211847 internal_min=149024 internal_largest=126976 psram_free=8346644 stack_free=3788
I (798880) moq-ultra-net: phase=streaming sent=39330 received=39319 replies=79 control=79 reset_tx=78 reset_rx=78 internal_free=210063 internal_min=149024 internal_largest=126976 psram_free=8346644 stack_free=3788
I (808883) moq-ultra-net: phase=streaming sent=39830 received=39819 replies=80 control=80 reset_tx=79 reset_rx=79 internal_free=211847 internal_min=149024 internal_largest=126976 psram_free=8346644 stack_free=3788
I (818883) moq-ultra-net: phase=streaming sent=40330 received=40319 replies=81 control=81 reset_tx=80 reset_rx=80 internal_free=211847 internal_min=149024 internal_largest=126976 psram_free=8346644 stack_free=3788
I (828881) moq-ultra-net: phase=streaming sent=40830 received=40819 replies=82 control=82 reset_tx=81 reset_rx=81 internal_free=211847 internal_min=149024 internal_largest=126976 psram_free=8346644 stack_free=3788
I (838882) moq-ultra-net: phase=streaming sent=41330 received=41319 replies=83 control=83 reset_tx=82 reset_rx=82 internal_free=211847 internal_min=149024 internal_largest=126976 psram_free=8346644 stack_free=3788
I (848883) moq-ultra-net: phase=streaming sent=41830 received=41819 replies=84 control=84 reset_tx=83 reset_rx=83 internal_free=210063 internal_min=149024 internal_largest=126976 psram_free=8346644 stack_free=3788
I (858882) moq-ultra-net: phase=streaming sent=42330 received=42319 replies=85 control=85 reset_tx=84 reset_rx=84 internal_free=211847 internal_min=149024 internal_largest=126976 psram_free=8346644 stack_free=3788
I (868883) moq-ultra-net: phase=streaming sent=42830 received=42819 replies=86 control=86 reset_tx=85 reset_rx=85 internal_free=211847 internal_min=149024 internal_largest=126976 psram_free=8346644 stack_free=3788
I (878882) moq-ultra-net: phase=streaming sent=43330 received=43319 replies=87 control=87 reset_tx=86 reset_rx=86 internal_free=211847 internal_min=149024 internal_largest=126976 psram_free=8346644 stack_free=3788
I (888885) moq-ultra-net: phase=streaming sent=43830 received=43819 replies=88 control=88 reset_tx=87 reset_rx=87 internal_free=210019 internal_min=149024 internal_largest=126976 psram_free=8346644 stack_free=3788
I (898884) moq-ultra-net: phase=streaming sent=44330 received=44319 replies=89 control=89 reset_tx=88 reset_rx=88 internal_free=211847 internal_min=149024 internal_largest=126976 psram_free=8346644 stack_free=3788
I (908883) moq-ultra-net: phase=streaming sent=44830 received=44819 replies=90 control=90 reset_tx=89 reset_rx=89 internal_free=211847 internal_min=149024 internal_largest=126976 psram_free=8346644 stack_free=3788
I (918884) moq-ultra-net: phase=streaming sent=45330 received=45319 replies=91 control=91 reset_tx=90 reset_rx=90 internal_free=211847 internal_min=149024 internal_largest=126976 psram_free=8346644 stack_free=3788
I (928884) moq-ultra-net: phase=streaming sent=45830 received=45819 replies=92 control=92 reset_tx=91 reset_rx=91 internal_free=211847 internal_min=149024 internal_largest=126976 psram_free=8346644 stack_free=3788
I (938885) moq-ultra-net: phase=streaming sent=46330 received=46319 replies=93 control=93 reset_tx=92 reset_rx=92 internal_free=210039 internal_min=149024 internal_largest=126976 psram_free=8346644 stack_free=3788
I (948882) moq-ultra-net: phase=streaming sent=46830 received=46819 replies=94 control=94 reset_tx=93 reset_rx=93 internal_free=210039 internal_min=149024 internal_largest=126976 psram_free=8346644 stack_free=3788
I (958882) moq-ultra-net: phase=streaming sent=47330 received=47318 replies=95 control=95 reset_tx=94 reset_rx=94 internal_free=211847 internal_min=149024 internal_largest=126976 psram_free=8346644 stack_free=3788
I (968884) moq-ultra-net: phase=streaming sent=47830 received=47819 replies=96 control=96 reset_tx=95 reset_rx=95 internal_free=211847 internal_min=149024 internal_largest=126976 psram_free=8346644 stack_free=3788
I (978883) moq-ultra-net: phase=streaming sent=48330 received=48319 replies=97 control=97 reset_tx=96 reset_rx=96 internal_free=210039 internal_min=149024 internal_largest=126976 psram_free=8346644 stack_free=3788
I (988882) moq-ultra-net: phase=streaming sent=48830 received=48819 replies=98 control=98 reset_tx=97 reset_rx=97 internal_free=210039 internal_min=149024 internal_largest=126976 psram_free=8346644 stack_free=3788
I (998884) moq-ultra-net: phase=streaming sent=49330 received=49319 replies=99 control=99 reset_tx=98 reset_rx=98 internal_free=208227 internal_min=149024 internal_largest=126976 psram_free=8346644 stack_free=3788
I (1008884) moq-ultra-net: phase=streaming sent=49830 received=49819 replies=100 control=100 reset_tx=99 reset_rx=99 internal_free=208227 internal_min=149024 internal_largest=126976 psram_free=8346644 stack_free=3788
I (1018884) moq-ultra-net: phase=streaming sent=50330 received=50319 replies=101 control=101 reset_tx=100 reset_rx=100 internal_free=211623 internal_min=149024 internal_largest=126976 psram_free=8346644 stack_free=3788
I (1028884) moq-ultra-net: phase=streaming sent=50830 received=50819 replies=102 control=102 reset_tx=101 reset_rx=101 internal_free=211847 internal_min=149024 internal_largest=126976 psram_free=8346644 stack_free=3788
I (1038882) moq-ultra-net: phase=streaming sent=51330 received=51319 replies=103 control=103 reset_tx=102 reset_rx=102 internal_free=211847 internal_min=149024 internal_largest=126976 psram_free=8346644 stack_free=3788
I (1048883) moq-ultra-net: phase=streaming sent=51830 received=51819 replies=104 control=104 reset_tx=103 reset_rx=103 internal_free=209815 internal_min=149024 internal_largest=126976 psram_free=8346644 stack_free=3788
I (1058883) moq-ultra-net: phase=streaming sent=52330 received=52319 replies=105 control=105 reset_tx=104 reset_rx=104 internal_free=211847 internal_min=149024 internal_largest=126976 psram_free=8346644 stack_free=3788
I (1068884) moq-ultra-net: phase=streaming sent=52830 received=52819 replies=106 control=106 reset_tx=105 reset_rx=105 internal_free=210039 internal_min=149024 internal_largest=126976 psram_free=8346644 stack_free=3788
I (1078883) moq-ultra-net: phase=streaming sent=53330 received=53319 replies=107 control=107 reset_tx=106 reset_rx=106 internal_free=211847 internal_min=149024 internal_largest=126976 psram_free=8346644 stack_free=3788
I (1088883) moq-ultra-net: phase=streaming sent=53830 received=53819 replies=108 control=108 reset_tx=107 reset_rx=107 internal_free=211847 internal_min=149024 internal_largest=126976 psram_free=8346644 stack_free=3788
I (1098884) moq-ultra-net: phase=streaming sent=54330 received=54319 replies=109 control=109 reset_tx=108 reset_rx=108 internal_free=210039 internal_min=149024 internal_largest=126976 psram_free=8346644 stack_free=3788
I (1108883) moq-ultra-net: phase=streaming sent=54830 received=54819 replies=110 control=110 reset_tx=109 reset_rx=109 internal_free=211847 internal_min=149024 internal_largest=126976 psram_free=8346644 stack_free=3788
I (1118884) moq-ultra-net: phase=streaming sent=55330 received=55319 replies=111 control=111 reset_tx=110 reset_rx=110 internal_free=211847 internal_min=149024 internal_largest=126976 psram_free=8346644 stack_free=3788
I (1128883) moq-ultra-net: phase=streaming sent=55830 received=55819 replies=112 control=112 reset_tx=111 reset_rx=111 internal_free=210039 internal_min=149024 internal_largest=126976 psram_free=8346644 stack_free=3788
I (1138882) moq-ultra-net: phase=streaming sent=56330 received=56319 replies=113 control=113 reset_tx=112 reset_rx=112 internal_free=211847 internal_min=149024 internal_largest=126976 psram_free=8346644 stack_free=3788
I (1148885) moq-ultra-net: phase=streaming sent=56830 received=56819 replies=114 control=114 reset_tx=113 reset_rx=113 internal_free=211847 internal_min=149024 internal_largest=126976 psram_free=8346644 stack_free=3788
I (1158880) moq-ultra-net: phase=streaming sent=57330 received=57318 replies=115 control=115 reset_tx=114 reset_rx=114 internal_free=211847 internal_min=149024 internal_largest=126976 psram_free=8346644 stack_free=3788
I (1168885) moq-ultra-net: phase=streaming sent=57830 received=57819 replies=116 control=116 reset_tx=115 reset_rx=115 internal_free=210039 internal_min=149024 internal_largest=126976 psram_free=8346644 stack_free=3788
I (1178885) moq-ultra-net: phase=streaming sent=58330 received=58319 replies=117 control=117 reset_tx=116 reset_rx=116 internal_free=210039 internal_min=149024 internal_largest=126976 psram_free=8346644 stack_free=3788
I (1188880) moq-ultra-net: phase=streaming sent=58830 received=58818 replies=118 control=118 reset_tx=117 reset_rx=117 internal_free=210039 internal_min=149024 internal_largest=126976 psram_free=8346644 stack_free=3788
I (1198881) moq-ultra-net: phase=streaming sent=59330 received=59318 replies=119 control=119 reset_tx=118 reset_rx=118 internal_free=208227 internal_min=149024 internal_largest=126976 psram_free=8346644 stack_free=3788
I (1208882) moq-ultra-net: phase=streaming sent=59830 received=59818 replies=120 control=120 reset_tx=119 reset_rx=119 internal_free=211847 internal_min=149024 internal_largest=126976 psram_free=8346644 stack_free=3788
I (1218884) moq-ultra-net: phase=streaming sent=60330 received=60319 replies=121 control=121 reset_tx=120 reset_rx=120 internal_free=211847 internal_min=149024 internal_largest=126976 psram_free=8346644 stack_free=3788
I (1228884) moq-ultra-net: phase=streaming sent=60830 received=60819 replies=122 control=122 reset_tx=121 reset_rx=121 internal_free=211623 internal_min=149024 internal_largest=126976 psram_free=8346644 stack_free=3788
I (1238885) moq-ultra-net: phase=streaming sent=61330 received=61319 replies=123 control=123 reset_tx=122 reset_rx=122 internal_free=211847 internal_min=149024 internal_largest=126976 psram_free=8346644 stack_free=3788
I (1248880) moq-ultra-net: phase=streaming sent=61830 received=61818 replies=124 control=124 reset_tx=123 reset_rx=123 internal_free=211847 internal_min=149024 internal_largest=126976 psram_free=8346644 stack_free=3788
I (1258886) moq-ultra-net: phase=streaming sent=62330 received=62319 replies=125 control=125 reset_tx=124 reset_rx=124 internal_free=211847 internal_min=149024 internal_largest=126976 psram_free=8346644 stack_free=3788
I (1268881) moq-ultra-net: phase=streaming sent=62830 received=62818 replies=126 control=126 reset_tx=125 reset_rx=125 internal_free=211847 internal_min=149024 internal_largest=126976 psram_free=8346644 stack_free=3788
I (1278880) moq-ultra-net: phase=streaming sent=63330 received=63318 replies=127 control=127 reset_tx=126 reset_rx=126 internal_free=211847 internal_min=149024 internal_largest=126976 psram_free=8346644 stack_free=3788
I (1288885) moq-ultra-net: phase=streaming sent=63830 received=63819 replies=128 control=128 reset_tx=127 reset_rx=127 internal_free=211847 internal_min=149024 internal_largest=126976 psram_free=8346644 stack_free=3788
I (1298885) moq-ultra-net: phase=streaming sent=64330 received=64319 replies=129 control=129 reset_tx=128 reset_rx=128 internal_free=211847 internal_min=149024 internal_largest=126976 psram_free=8346644 stack_free=3788
I (1308888) moq-ultra-net: phase=streaming sent=64830 received=64819 replies=130 control=130 reset_tx=129 reset_rx=129 internal_free=211623 internal_min=149024 internal_largest=126976 psram_free=8346644 stack_free=3788
I (1318881) moq-ultra-net: phase=streaming sent=65330 received=65318 replies=131 control=131 reset_tx=130 reset_rx=130 internal_free=211847 internal_min=149024 internal_largest=126976 psram_free=8346644 stack_free=3788
I (1328881) moq-ultra-net: phase=streaming sent=65830 received=65818 replies=132 control=132 reset_tx=131 reset_rx=131 internal_free=211847 internal_min=149024 internal_largest=126976 psram_free=8346644 stack_free=3788
I (1338880) moq-ultra-net: phase=streaming sent=66330 received=66318 replies=133 control=133 reset_tx=132 reset_rx=132 internal_free=211847 internal_min=149024 internal_largest=126976 psram_free=8346644 stack_free=3788
I (1348881) moq-ultra-net: phase=streaming sent=66830 received=66818 replies=134 control=134 reset_tx=133 reset_rx=133 internal_free=211847 internal_min=149024 internal_largest=126976 psram_free=8346644 stack_free=3788
I (1358881) moq-ultra-net: phase=streaming sent=67330 received=67318 replies=135 control=135 reset_tx=134 reset_rx=134 internal_free=211847 internal_min=149024 internal_largest=126976 psram_free=8346644 stack_free=3788
I (1368882) moq-ultra-net: phase=streaming sent=67830 received=67818 replies=136 control=136 reset_tx=135 reset_rx=135 internal_free=211847 internal_min=149024 internal_largest=126976 psram_free=8346644 stack_free=3788
I (1378882) moq-ultra-net: phase=streaming sent=68330 received=68318 replies=137 control=137 reset_tx=136 reset_rx=136 internal_free=211847 internal_min=149024 internal_largest=126976 psram_free=8346644 stack_free=3788
I (1388880) moq-ultra-net: phase=streaming sent=68830 received=68818 replies=138 control=138 reset_tx=137 reset_rx=137 internal_free=211847 internal_min=149024 internal_largest=126976 psram_free=8346644 stack_free=3788
I (1398882) moq-ultra-net: phase=streaming sent=69330 received=69318 replies=139 control=139 reset_tx=138 reset_rx=138 internal_free=211847 internal_min=149024 internal_largest=126976 psram_free=8346644 stack_free=3788
I (1408882) moq-ultra-net: phase=streaming sent=69830 received=69818 replies=140 control=140 reset_tx=139 reset_rx=139 internal_free=211847 internal_min=149024 internal_largest=126976 psram_free=8346644 stack_free=3788
I (1418881) moq-ultra-net: phase=streaming sent=70330 received=70318 replies=141 control=141 reset_tx=140 reset_rx=140 internal_free=211847 internal_min=149024 internal_largest=126976 psram_free=8346644 stack_free=3788
I (1428881) moq-ultra-net: phase=streaming sent=70830 received=70818 replies=142 control=142 reset_tx=141 reset_rx=141 internal_free=211847 internal_min=149024 internal_largest=126976 psram_free=8346644 stack_free=3788
I (1438881) moq-ultra-net: phase=streaming sent=71330 received=71318 replies=143 control=143 reset_tx=142 reset_rx=142 internal_free=211847 internal_min=149024 internal_largest=126976 psram_free=8346644 stack_free=3788
I (1448881) moq-ultra-net: phase=streaming sent=71830 received=71818 replies=144 control=144 reset_tx=143 reset_rx=143 internal_free=211847 internal_min=149024 internal_largest=126976 psram_free=8346644 stack_free=3788
I (1458881) moq-ultra-net: phase=streaming sent=72330 received=72318 replies=145 control=145 reset_tx=144 reset_rx=144 internal_free=210463 internal_min=149024 internal_largest=126976 psram_free=8346644 stack_free=3788
I (1468880) moq-ultra-net: phase=streaming sent=72830 received=72818 replies=146 control=146 reset_tx=145 reset_rx=145 internal_free=210463 internal_min=149024 internal_largest=126976 psram_free=8346644 stack_free=3788
I (1478881) moq-ultra-net: phase=streaming sent=73330 received=73318 replies=147 control=147 reset_tx=146 reset_rx=146 internal_free=210463 internal_min=149024 internal_largest=126976 psram_free=8346644 stack_free=3788
I (1488880) moq-ultra-net: phase=streaming sent=73830 received=73818 replies=148 control=148 reset_tx=147 reset_rx=147 internal_free=210463 internal_min=149024 internal_largest=126976 psram_free=8346644 stack_free=3788
I (1498881) moq-ultra-net: phase=streaming sent=74330 received=74318 replies=149 control=149 reset_tx=148 reset_rx=148 internal_free=210463 internal_min=149024 internal_largest=126976 psram_free=8346644 stack_free=3788
I (1508880) moq-ultra-net: phase=streaming sent=74830 received=74818 replies=150 control=150 reset_tx=149 reset_rx=149 internal_free=210463 internal_min=149024 internal_largest=126976 psram_free=8346644 stack_free=3788
I (1518882) moq-ultra-net: phase=streaming sent=75330 received=75318 replies=151 control=151 reset_tx=150 reset_rx=150 internal_free=210463 internal_min=149024 internal_largest=126976 psram_free=8346644 stack_free=3788
I (1528881) moq-ultra-net: phase=streaming sent=75830 received=75818 replies=152 control=152 reset_tx=151 reset_rx=151 internal_free=210463 internal_min=149024 internal_largest=126976 psram_free=8346644 stack_free=3788
I (1538881) moq-ultra-net: phase=streaming sent=76330 received=76318 replies=153 control=153 reset_tx=152 reset_rx=152 internal_free=210463 internal_min=149024 internal_largest=126976 psram_free=8346644 stack_free=3788
I (1548881) moq-ultra-net: phase=streaming sent=76830 received=76818 replies=154 control=154 reset_tx=153 reset_rx=153 internal_free=210463 internal_min=149024 internal_largest=126976 psram_free=8346644 stack_free=3788
I (1558880) moq-ultra-net: phase=streaming sent=77330 received=77318 replies=155 control=155 reset_tx=154 reset_rx=154 internal_free=210463 internal_min=149024 internal_largest=126976 psram_free=8346644 stack_free=3788
I (1568882) moq-ultra-net: phase=streaming sent=77830 received=77818 replies=156 control=156 reset_tx=155 reset_rx=155 internal_free=210463 internal_min=149024 internal_largest=126976 psram_free=8346644 stack_free=3788
I (1578880) moq-ultra-net: phase=streaming sent=78330 received=78318 replies=157 control=157 reset_tx=156 reset_rx=156 internal_free=210463 internal_min=149024 internal_largest=126976 psram_free=8346644 stack_free=3788
I (1588882) moq-ultra-net: phase=streaming sent=78830 received=78818 replies=158 control=158 reset_tx=157 reset_rx=157 internal_free=208655 internal_min=149024 internal_largest=126976 psram_free=8346644 stack_free=3788
I (1598883) moq-ultra-net: phase=streaming sent=79330 received=79318 replies=159 control=159 reset_tx=158 reset_rx=158 internal_free=210463 internal_min=149024 internal_largest=126976 psram_free=8346644 stack_free=3788
I (1608882) moq-ultra-net: phase=streaming sent=79830 received=79818 replies=160 control=160 reset_tx=159 reset_rx=159 internal_free=208679 internal_min=149024 internal_largest=126976 psram_free=8346644 stack_free=3788
I (1618882) moq-ultra-net: phase=streaming sent=80330 received=80318 replies=161 control=161 reset_tx=160 reset_rx=160 internal_free=210463 internal_min=149024 internal_largest=126976 psram_free=8346644 stack_free=3788
I (1628884) moq-ultra-net: phase=streaming sent=80830 received=80818 replies=162 control=162 reset_tx=161 reset_rx=161 internal_free=210463 internal_min=149024 internal_largest=126976 psram_free=8346644 stack_free=3788
I (1638882) moq-ultra-net: phase=streaming sent=81330 received=81318 replies=163 control=163 reset_tx=162 reset_rx=162 internal_free=208655 internal_min=149024 internal_largest=126976 psram_free=8346644 stack_free=3788
I (1648880) moq-ultra-net: phase=streaming sent=81830 received=81818 replies=164 control=164 reset_tx=163 reset_rx=163 internal_free=210463 internal_min=149024 internal_largest=126976 psram_free=8346644 stack_free=3788
I (1658881) moq-ultra-net: phase=streaming sent=82330 received=82318 replies=165 control=165 reset_tx=164 reset_rx=164 internal_free=208679 internal_min=149024 internal_largest=126976 psram_free=8346644 stack_free=3788
I (1668880) moq-ultra-net: phase=streaming sent=82830 received=82818 replies=166 control=166 reset_tx=165 reset_rx=165 internal_free=208679 internal_min=149024 internal_largest=126976 psram_free=8346644 stack_free=3788
I (1678882) moq-ultra-net: phase=streaming sent=83330 received=83318 replies=167 control=167 reset_tx=166 reset_rx=166 internal_free=210463 internal_min=149024 internal_largest=126976 psram_free=8346644 stack_free=3788
I (1688880) moq-ultra-net: phase=streaming sent=83830 received=83818 replies=168 control=168 reset_tx=167 reset_rx=167 internal_free=210463 internal_min=149024 internal_largest=126976 psram_free=8346644 stack_free=3788
I (1698882) moq-ultra-net: phase=streaming sent=84330 received=84318 replies=169 control=169 reset_tx=168 reset_rx=168 internal_free=210463 internal_min=149024 internal_largest=126976 psram_free=8346644 stack_free=3788
I (1708882) moq-ultra-net: phase=streaming sent=84830 received=84818 replies=170 control=170 reset_tx=169 reset_rx=169 internal_free=210463 internal_min=149024 internal_largest=126976 psram_free=8346644 stack_free=3788
I (1718880) moq-ultra-net: phase=streaming sent=85330 received=85318 replies=171 control=171 reset_tx=170 reset_rx=170 internal_free=210463 internal_min=149024 internal_largest=126976 psram_free=8346644 stack_free=3788
I (1728881) moq-ultra-net: phase=streaming sent=85830 received=85818 replies=172 control=172 reset_tx=171 reset_rx=171 internal_free=210463 internal_min=149024 internal_largest=126976 psram_free=8346644 stack_free=3788
I (1738884) moq-ultra-net: phase=streaming sent=86330 received=86318 replies=173 control=173 reset_tx=172 reset_rx=172 internal_free=210463 internal_min=149024 internal_largest=126976 psram_free=8346644 stack_free=3788
I (1748880) moq-ultra-net: phase=streaming sent=86830 received=86818 replies=174 control=174 reset_tx=173 reset_rx=173 internal_free=210463 internal_min=149024 internal_largest=126976 psram_free=8346644 stack_free=3788
I (1758882) moq-ultra-net: phase=streaming sent=87330 received=87318 replies=175 control=175 reset_tx=174 reset_rx=174 internal_free=208679 internal_min=149024 internal_largest=126976 psram_free=8346644 stack_free=3788
I (1768881) moq-ultra-net: phase=streaming sent=87830 received=87818 replies=176 control=176 reset_tx=175 reset_rx=175 internal_free=210463 internal_min=149024 internal_largest=126976 psram_free=8346644 stack_free=3788
I (1778881) moq-ultra-net: phase=streaming sent=88330 received=88318 replies=177 control=177 reset_tx=176 reset_rx=176 internal_free=210463 internal_min=149024 internal_largest=126976 psram_free=8346644 stack_free=3788
I (1788880) moq-ultra-net: phase=streaming sent=88830 received=88818 replies=178 control=178 reset_tx=177 reset_rx=177 internal_free=210463 internal_min=149024 internal_largest=126976 psram_free=8346644 stack_free=3788
I (1798880) moq-ultra-net: phase=streaming sent=89330 received=89318 replies=179 control=179 reset_tx=178 reset_rx=178 internal_free=210463 internal_min=149024 internal_largest=126976 psram_free=8346644 stack_free=3788
I (1808882) moq-ultra-net: phase=streaming sent=89830 received=89818 replies=180 control=180 reset_tx=179 reset_rx=179 internal_free=208679 internal_min=149024 internal_largest=126976 psram_free=8346644 stack_free=3788
I (1812548) moq-ultra-net: RESULT phase=raw_soak pass=1 result=0 sent=90000 received=90000 replies=182 elapsed_us=1803668299
I (1812548) moq-ultra-net: phase=before_destroy sent=90000 received=90000 replies=182 control=181 reset_tx=180 reset_rx=180 internal_free=210463 internal_min=149024 internal_largest=126976 psram_free=8346644 stack_free=3788
I (1812550) moq-ultra-net: phase=after_destroy sent=0 received=0 replies=0 control=0 reset_tx=0 reset_rx=0 internal_free=267123 internal_min=149024 internal_largest=131072 psram_free=8386076 stack_free=3788
I (1812551) moq-ultra-net: ULTRA_TRANSPORT_FINAL pass=1
