I (236) esp_image: segment 1: paddr=0012450c vaddr=3fca0a00 size=06094h ( 24724) load
I (242) esp_image: segment 2: paddr=0012a5a8 vaddr=40374000 size=05a70h ( 23152) load
I (248) esp_image: segment 3: paddr=00130020 vaddr=42000020 size=19bd64h (1686884) map
I (556) esp_image: segment 4: paddr=002cbd8c vaddr=40379a70 size=16f74h ( 94068) load
I (577) esp_image: segment 5: paddr=002e2d08 vaddr=50000000 size=00020h (    32) load
I (589) boot: Loaded app from partition at offset 0x10000
I (589) boot: Disabling RNG early entropy source...
I (591) esp_psram: Found 8MB PSRAM device
I (591) esp_psram: Speed: 80MHz
I (591) cpu_start: Multicore app
I (1509) esp_psram: SPI SRAM memory test OK
I (1518) cpu_start: Pro cpu start user code
I (1518) cpu_start: cpu freq: 240000000 Hz
I (1518) app_init: Application information:
I (1518) app_init: Project name:     doodad_runtime
I (1518) app_init: App version:      c73c16a-dirty
I (1518) app_init: Compile time:     Aug  5 2026 13:20:58
I (1518) app_init: ELF file SHA256:  8026d7f85...
I (1519) app_init: ESP-IDF:          v5.5.5
I (1519) efuse_init: Min chip rev:     v0.0
I (1519) efuse_init: Max chip rev:     v0.99 
I (1519) efuse_init: Chip rev:         v0.2
I (1519) heap_init: Initializing. RAM available for dynamic allocation:
I (1519) heap_init: At 3FCD21C8 len 00017548 (93 KiB): RAM
I (1520) heap_init: At 3FCE9710 len 00005724 (21 KiB): RAM
I (1520) heap_init: At 3FCF0000 len 00008000 (32 KiB): DRAM
I (1520) heap_init: At 600FE000 len 00001FE8 (7 KiB): RTCRAM
I (1520) esp_psram: Adding pool of 8192K of PSRAM memory to heap allocator
I (1521) spi_flash: detected chip: generic
I (1521) spi_flash: flash io: dio
I (1523) sleep_gpio: Configure to isolate all GPIO pins in sleep state
I (1523) sleep_gpio: Enable automatic switching of GPIO sleep configuration
I (1524) main_task: Started on CPU0
I (1525) esp_psram: Reserving pool of 32K of internal memory for DMA/internal allocations
I (1525) main_task: Calling app_main()
I (1525) doodad: [host] boot
I (1555) M5GFX: [Autodetect] board_M5StackCoreS3SE
W (1713) Power: setExtPower(true) is canceled.
I (1784) doodad: [display] LVGL draw buffers caps=0x404 (19200 bytes each)
I (1849) doodad: [host] display ready
I (1908) package-service: package storage mounted: 3708 KiB free / 10060 KiB apps=1
I (1909) weather-provider: ESP-IDF network provider enabled
I (1924) pp: pp rom version: e7ae62f
I (1925) net80211: net80211 rom version: e7ae62f
I (1926) wifi:wifi driver task: 3fcdd668, prio:23, stack:6656, core=0
I (1933) wifi:wifi firmware version: b9f67df
I (1934) wifi:wifi certification version: v7.0
I (1934) wifi:config NVS flash: enabled
I (1934) wifi:config nano formatting: disabled
I (1934) wifi:Init data frame dynamic rx buffer num: 5
I (1935) wifi:Init static rx mgmt buffer num: 4
I (1935) wifi:Init management short buffer num: 8
I (1935) wifi:Init static tx buffer num: 6
I (1935) wifi:Init tx cache buffer num: 8
I (1935) wifi:Init static tx FG buffer num: 2
I (1936) wifi:Init static rx buffer size: 1600
I (1936) wifi:Init static rx buffer num: 5
I (1936) wifi:Init dynamic rx buffer num: 5
I (1925) doodad: [host] runtime pthread started
I (1937) wifi_init: rx ba win: 5
I (1937) wifi_init: accept mbox: 6
I (1938) wifi_init: tcpip mbox: 32
I (1938) wifi_init: udp mbox: 6
I (1938) wifi_init: tcp mbox: 6
I (1938) wifi_init: tcp tx win: 5760
I (1938) wifi_init: tcp rx win: 5760
I (1939) wifi_init: tcp mss: 1440
I (1939) wifi_init: WiFi/LWIP prefer SPIRAM
I (1939) wifi_init: WiFi IRAM OP enabled
I (1939) wifi_init: WiFi RX IRAM OP enabled
W (1940) wifi:Password length matches WPA2 standards, authmode threshold changes from OPEN to WPA2
I (1941) phy_init: phy_version 712,87e8c20e,Apr 13 2026,18:51:10
I (1975) wifi:mode : sta (1c:db:d4:ba:8e:00)
I (1975) wifi:enable tsf
I (1976) wifi:Set ps type: 0, coexist: 0

I (1977) network-service: shared Wi-Fi station initialized
I (1979) voice-service: agent journal restored revision=3 food=1 missed=1
I (1988) voice-service: audio DMA reserved bytes=4096 free=28499 largest=25600
I (1994) doodad: [visual] device_id=cores3-se-1cdbd4ba8e00 scene=boot-shell revision=1 frame_hash=2664f9b8
I (1997) doodad: [host] WAMR ready (interpreter, stack=16384, heap=16384)
I (2000) doodad: [host] no legacy onboard package at /packages/active.wasm
E (2025) vfs_fat_sdmmc: sdmmc_card_init failed (0x107).
W (2026) doodad: [host] microSD unavailable: ESP_ERR_TIMEOUT
I (2026) doodad: [host] using embedded recovery app
I (2026) doodad: [host] EMBEDDED app size: 445 bytes
I (2029) doodad: [host] module loaded
I (2032) doodad: [host] module instantiated
I (2033) doodad: [host] invoking app_start
I (2056) wifi:state: init -> auth (0xb0)
I (2060) wifi:state: auth -> assoc (0x0)
I (2067) wifi:state: assoc -> run (0x10)
I (2081) doodad: [guest] ui_mount: 151 bytes, 3 nodes
I (2082) wifi:connected with melburnians, aid = 1, channel 1, BW20, bssid = 78:45:58:ec:1f:73
I (2083) wifi:security: WPA2-PSK, phy: bgn, rssi: -55, cipher(pairwise:0x3, group:0x3), pmf:0
I (2083) doodad: [host] app started; instance remains resident
I (2083) wifi:pm start, type: 0

I (2084) wifi:dp: 1, bi: 102400, li: 3, scale listen interval from 307200 us to 307200 us
I (2085) wifi:set rx beacon pti, rx_bcn_pti: 0, bcn_timeout: 25000, mt_pti: 0, mt_time: 10000
I (2106) wifi:AP's beacon interval = 102400 us, DTIM period = 1
I (2152) doodad: [visual] device_id=cores3-se-1cdbd4ba8e00 scene=appspec revision=3 frame_hash=a55d464f
I (2156) doodad: [host] steady state; free heap: 8044603 bytes
I (2301) doodad: [visual] device_id=cores3-se-1cdbd4ba8e00 scene=home revision=6 frame_hash=42fbdc0c
I (3104) esp_netif_handlers: sta ip: 192.168.1.47, mask: 255.255.255.0, gw: 192.168.1.1
I (3794) doodad: [display] fps=2.5 frames=5 flushes=20 pixels=174255 avg_render_us=53316 max_render_us=88263 avg_flush_us=5267 max_flush_us=6940 touch_presses=0 objects=37 internal_free=34199 internal_min=29976 internal_largest=21504 psram_free=8010312 psram_min=7999004 psram_largest=7995392 total_frames=5 total_flushes=20 total_pixels=174255 total_avg_render_us=53316 total_max_render_us=88263 total_avg_flush_us=5267 total_max_flush_us=6940 transfer=synchronous
I (4525) voice-service: signaling endpoint discovered: ws://192.168.1.95:8765/ws
I (4527) websocket_client: Started
I (4643) DTLS: Init SRTP OK
I (4899) voice-service: peer state=2
I (4902) voice-service: peer state=3
I (4904) AGENT: Start agent as Controlling
I (4907) voice-service: remote audio codec=3 rate=48000 channels=1
I (4908) voice-service: local peer message type=1 size=545
I (4941) voice-service: local SDP chunks=9 delivered=1
E (4995) AGENT: 0 Not found for bind remote 192.168.1.95:54413
I (5001) PEER_DEF: Get peer role 0
I (5001) PEER_DEF: Extract SDP: stream_count=1, audio_mid=255 (dir=3), video_mid=255 (dir=3), data_mid=255, assrc=1793802825, vssrc=0, vrtx_ssrc=0, vfmt=0, vrtx_fmt=0
I (5002) AGENT: 0 Add remote type:1 192.168.1.95:54413
I (5002) voice-service: peer state=4
I (5002) voice-service: remote peer message type=1 size=1096 result=0
I (5018) AGENT: 0 0 Send binding request (cand:0) local0:192.168.1.47:58838 remote0:192.168.1.95:54413 id:7043bfa4398150e937521657
E (5022) AGENT: 0 Not found for bind remote 192.168.1.52:50778
I (5044) AGENT: 0 0 LocalBinding resp 7043bfa4398150e937521657 local1
I (5045) AGENT: 0 Select pair192.168.1.95:54413
I (5047) AGENT: 0 0 Send binding request (cand:1) local0:192.168.1.47:58838 remote0:192.168.1.95:54413 id:4d9a2fdb76c3625e55075020
I (5071) AGENT: 0 0 LocalBinding resp 4d9a2fdb76c3625e55075020 local1
I (5071) AGENT: 0 Candidate responded
I (5072) AGENT: 0 Connection OK 192.168.1.95:54413
I (5072) voice-service: peer state=5
I (5072) PEER_DEF: Start DTLS role as 1
I (5075) voice-service: peer state=6
I (5096) DTLS: Start to do server handshake
I (5796) doodad: [display] fps=0.0 frames=0 flushes=0 pixels=0 avg_render_us=0 max_render_us=0 avg_flush_us=0 max_flush_us=0 touch_presses=0 objects=37 internal_free=28575 internal_min=28112 internal_largest=18432 psram_free=7928344 psram_min=7913300 psram_largest=7864320 total_frames=5 total_flushes=20 total_pixels=174255 total_avg_render_us=53316 total_max_render_us=88263 total_avg_flush_us=5267 total_max_flush_us=6940 transfer=synchronous
I (5925) DTLS: SRTP connected OK
I (5931) DTLS: Server handshake success
I (5932) PEER_DEF: DTLS handshake success
I (5932) voice-service: peer state=7
I (7797) doodad: [display] fps=0.0 frames=0 flushes=0 pixels=0 avg_render_us=0 max_render_us=0 avg_flush_us=0 max_flush_us=0 touch_presses=0 objects=37 internal_free=28575 internal_min=28112 internal_largest=18432 psram_free=7924824 psram_min=7913300 psram_largest=7864320 total_frames=5 total_flushes=20 total_pixels=174255 total_avg_render_us=53316 total_max_render_us=88263 total_avg_flush_us=5267 total_max_flush_us=6940 transfer=synchronous
I (9797) doodad: [display] fps=0.0 frames=0 flushes=0 pixels=0 avg_render_us=0 max_render_us=0 avg_flush_us=0 max_flush_us=0 touch_presses=0 objects=37 internal_free=28575 internal_min=28112 internal_largest=18432 psram_free=7924656 psram_min=7913300 psram_largest=7864320 total_frames=5 total_flushes=20 total_pixels=174255 total_avg_render_us=53316 total_max_render_us=88263 total_avg_flush_us=5267 total_max_flush_us=6940 transfer=synchronous
I (11799) doodad: [display] fps=0.0 frames=0 flushes=0 pixels=0 avg_render_us=0 max_render_us=0 avg_flush_us=0 max_flush_us=0 touch_presses=0 objects=37 internal_free=28575 internal_min=28112 internal_largest=18432 psram_free=7924656 psram_min=7913300 psram_largest=7864320 total_frames=5 total_flushes=20 total_pixels=174255 total_avg_render_us=53316 total_max_render_us=88263 total_avg_flush_us=5267 total_max_flush_us=6940 transfer=synchronous
I (13799) doodad: [display] fps=0.0 frames=0 flushes=0 pixels=0 avg_render_us=0 max_render_us=0 avg_flush_us=0 max_flush_us=0 touch_presses=0 objects=37 internal_free=28575 internal_min=28112 internal_largest=18432 psram_free=7924656 psram_min=7913300 psram_largest=7864320 total_frames=5 total_flushes=20 total_pixels=174255 total_avg_render_us=53316 total_max_render_us=88263 total_avg_flush_us=5267 total_max_flush_us=6940 transfer=synchronous
I (15800) doodad: [display] fps=0.0 frames=0 flushes=0 pixels=0 avg_render_us=0 max_render_us=0 avg_flush_us=0 max_flush_us=0 touch_presses=0 objects=37 internal_free=28575 internal_min=28112 internal_largest=18432 psram_free=7924656 psram_min=7913300 psram_largest=7864320 total_frames=5 total_flushes=20 total_pixels=174255 total_avg_render_us=53316 total_max_render_us=88263 total_avg_flush_us=5267 total_max_flush_us=6940 transfer=synchronous
I (17800) doodad: [display] fps=0.0 frames=0 flushes=0 pixels=0 avg_render_us=0 max_render_us=0 avg_flush_us=0 max_flush_us=0 touch_presses=0 objects=37 internal_free=28575 internal_min=28112 internal_largest=18432 psram_free=7924656 psram_min=7913300 psram_largest=7864320 total_frames=5 total_flushes=20 total_pixels=174255 total_avg_render_us=53316 total_max_render_us=88263 total_avg_flush_us=5267 total_max_flush_us=6940 transfer=synchronous
I (19802) doodad: [display] fps=0.0 frames=0 flushes=0 pixels=0 avg_render_us=0 max_render_us=0 avg_flush_us=0 max_flush_us=0 touch_presses=0 objects=37 internal_free=28575 internal_min=28112 internal_largest=18432 psram_free=7924656 psram_min=7913300 psram_largest=7864320 total_frames=5 total_flushes=20 total_pixels=174255 total_avg_render_us=53316 total_max_render_us=88263 total_avg_flush_us=5267 total_max_flush_us=6940 transfer=synchronous
I (21540) doodad: [system] input=6 intent=2 surface=2 overlay=0 generation=3
I (21616) doodad: [visual] device_id=cores3-se-1cdbd4ba8e00 scene=installed-launcher revision=8 frame_hash=28891abb
I (21804) doodad: [display] fps=1.0 frames=2 flushes=6 pixels=57600 avg_render_us=66506 max_render_us=66506 avg_flush_us=6065 max_flush_us=7098 touch_presses=0 objects=13 internal_free=28575 internal_min=27468 internal_largest=16384 psram_free=7958452 psram_min=7913300 psram_largest=7864320 total_frames=7 total_flushes=26 total_pixels=231855 total_avg_render_us=55954 total_max_render_us=88263 total_avg_flush_us=5451 total_max_flush_us=7098 transfer=synchronous
I (23806) doodad: [display] fps=0.0 frames=0 flushes=0 pixels=0 avg_render_us=0 max_render_us=0 avg_flush_us=0 max_flush_us=0 touch_presses=0 objects=13 internal_free=28575 internal_min=27468 internal_largest=16384 psram_free=7958448 psram_min=7913300 psram_largest=7864320 total_frames=7 total_flushes=26 total_pixels=231855 total_avg_render_us=55954 total_max_render_us=88263 total_avg_flush_us=5451 total_max_flush_us=7098 transfer=synchronous
I (25806) doodad: [display] fps=0.0 frames=0 flushes=0 pixels=0 avg_render_us=0 max_render_us=0 avg_flush_us=0 max_flush_us=0 touch_presses=0 objects=13 internal_free=28575 internal_min=27468 internal_largest=16384 psram_free=7958616 psram_min=7913300 psram_largest=7864320 total_frames=7 total_flushes=26 total_pixels=231855 total_avg_render_us=55954 total_max_render_us=88263 total_avg_flush_us=5451 total_max_flush_us=7098 transfer=synchronous
I (27807) doodad: [display] fps=0.0 frames=0 flushes=0 pixels=0 avg_render_us=0 max_render_us=0 avg_flush_us=0 max_flush_us=0 touch_presses=0 objects=13 internal_free=28575 internal_min=27468 internal_largest=16384 psram_free=7958448 psram_min=7913300 psram_largest=7864320 total_frames=7 total_flushes=26 total_pixels=231855 total_avg_render_us=55954 total_max_render_us=88263 total_avg_flush_us=5451 total_max_flush_us=7098 transfer=synchronous
I (29809) doodad: [display] fps=0.0 frames=0 flushes=0 pixels=0 avg_render_us=0 max_render_us=0 avg_flush_us=0 max_flush_us=0 touch_presses=0 objects=13 internal_free=28575 internal_min=27468 internal_largest=16384 psram_free=7958448 psram_min=7913300 psram_largest=7864320 total_frames=7 total_flushes=26 total_pixels=231855 total_avg_render_us=55954 total_max_render_us=88263 total_avg_flush_us=5451 total_max_flush_us=7098 transfer=synchronous
I (31809) doodad: [display] fps=0.0 frames=0 flushes=0 pixels=0 avg_render_us=0 max_render_us=0 avg_flush_us=0 max_flush_us=0 touch_presses=0 objects=13 internal_free=28575 internal_min=27468 internal_largest=16384 psram_free=7958448 psram_min=7913300 psram_largest=7864320 total_frames=7 total_flushes=26 total_pixels=231855 total_avg_render_us=55954 total_max_render_us=88263 total_avg_flush_us=5451 total_max_flush_us=7098 transfer=synchronous
I (33810) doodad: [display] fps=0.0 frames=0 flushes=0 pixels=0 avg_render_us=0 max_render_us=0 avg_flush_us=0 max_flush_us=0 touch_presses=0 objects=13 internal_free=28575 internal_min=27468 internal_largest=16384 psram_free=7958448 psram_min=7913300 psram_largest=7864320 total_frames=7 total_flushes=26 total_pixels=231855 total_avg_render_us=55954 total_max_render_us=88263 total_avg_flush_us=5451 total_max_flush_us=7098 transfer=synchronous
I (35811) doodad: [display] fps=0.0 frames=0 flushes=0 pixels=0 avg_render_us=0 max_render_us=0 avg_flush_us=0 max_flush_us=0 touch_presses=0 objects=13 internal_free=28575 internal_min=27468 internal_largest=16384 psram_free=7958448 psram_min=7913300 psram_largest=7864320 total_frames=7 total_flushes=26 total_pixels=231855 total_avg_render_us=55954 total_max_render_us=88263 total_avg_flush_us=5451 total_max_flush_us=7098 transfer=synchronous
I (37812) doodad: [display] fps=0.0 frames=0 flushes=0 pixels=0 avg_render_us=0 max_render_us=0 avg_flush_us=0 max_flush_us=0 touch_presses=0 objects=13 internal_free=28575 internal_min=27468 internal_largest=16384 psram_free=7958448 psram_min=7913300 psram_largest=7864320 total_frames=7 total_flushes=26 total_pixels=231855 total_avg_render_us=55954 total_max_render_us=88263 total_avg_flush_us=5451 total_max_flush_us=7098 transfer=synchronous
I (39814) doodad: [display] fps=0.0 frames=0 flushes=0 pixels=0 avg_render_us=0 max_render_us=0 avg_flush_us=0 max_flush_us=0 touch_presses=0 objects=13 internal_free=28575 internal_min=27468 internal_largest=16384 psram_free=7958448 psram_min=7913300 psram_largest=7864320 total_frames=7 total_flushes=26 total_pixels=231855 total_avg_render_us=55954 total_max_render_us=88263 total_avg_flush_us=5451 total_max_flush_us=7098 transfer=synchronous
I (41645) doodad: [host] PERSONAL app size: 32654 bytes
I (41768) doodad: [host] module loaded
I (41775) doodad: [host] module instantiated
I (41776) doodad: [host] invoking app_start
E (46781) task_wdt: Task watchdog got triggered. The following tasks/users did not reset the watchdog in time:
E (46781) task_wdt:  - IDLE0 (CPU 0)
E (46781) task_wdt: Tasks currently running:
E (46781) task_wdt: CPU 0: main
E (46781) task_wdt: CPU 1: IDLE1
E (46781) task_wdt: Print CPU 0 (current core) backtrace


Backtrace: 0x420DDC32:0x3FCA3B00 0x420DE04C:0x3FCA3B20 0x40377855:0x3FCA3B50 0x4209E07C:0x3FCD8520 0x4209E15D:0x3FCD8560 0x420BAE5B:0x3FCD8590 0x420BB032:0x3FCD85B0 0x420BB0B4:0x3FCD85D0 0x42018E0F:0x3FCD85F0 0x420116FE:0x3FCD8610 0x42012D27:0x3FCD8630 0x420137DC:0x3FCD87C0 0x4200A3E7:0x3FCD8890 0x4219AD4B:0x3FCD88E0 0x40380D7D:0x3FCD8910

E (51781) task_wdt: Task watchdog got triggered. The following tasks/users did not reset the watchdog in time:
E (51781) task_wdt:  - IDLE0 (CPU 0)
E (51781) task_wdt: Tasks currently running:
E (51781) task_wdt: CPU 0: main
E (51781) task_wdt: CPU 1: IDLE1
E (51781) task_wdt: Print CPU 0 (current core) backtrace


Backtrace: 0x420DDC32:0x3FCA3B00 0x420DE04C:0x3FCA3B20 0x40377855:0x3FCA3B50 0x4209E07C:0x3FCD8520 0x4209E15D:0x3FCD8560 0x420BAE5B:0x3FCD8590 0x420BB032:0x3FCD85B0 0x420BB0B4:0x3FCD85D0 0x42018E0F:0x3FCD85F0 0x420116FE:0x3FCD8610 0x42012D27:0x3FCD8630 0x420137DC:0x3FCD87C0 0x4200A3E7:0x3FCD8890 0x4219AD4B:0x3FCD88E0 0x40380D7D:0x3FCD8910

E (56781) task_wdt: Task watchdog got triggered. The following tasks/users did not reset the watchdog in time:
E (56781) task_wdt:  - IDLE0 (CPU 0)
E (56781) task_wdt: Tasks currently running:
E (56781) task_wdt: CPU 0: main
E (56781) task_wdt: CPU 1: IDLE1
E (56781) task_wdt: Print CPU 0 (current core) backtrace


Backtrace: 0x420DDC32:0x3FCA3B00 0x420DE04C:0x3FCA3B20 0x40377855:0x3FCA3B50 0x4209E07C:0x3FCD8520 0x4209E15D:0x3FCD8560 0x420BAE5B:0x3FCD8590 0x420BB032:0x3FCD85B0 0x420BB0B4:0x3FCD85D0 0x42018E0F:0x3FCD85F0 0x420116FE:0x3FCD8610 0x42012D27:0x3FCD8630 0x420137DC:0x3FCD87C0 0x4200A3E7:0x3FCD8890 0x4219AD4B:0x3FCD88E0 0x40380D7D:0x3FCD8910

E (61781) task_wdt: Task watchdog got triggered. The following tasks/users did not reset the watchdog in time:
E (61781) task_wdt:  - IDLE0 (CPU 0)
E (61781) task_wdt: Tasks currently running:
E (61781) task_wdt: CPU 0: main
E (61781) task_wdt: CPU 1: IDLE1
E (61781) task_wdt: Print CPU 0 (current core) backtrace


Backtrace: 0x420DDC32:0x3FCA3B00 0x420DE04C:0x3FCA3B20 0x40377855:0x3FCA3B50 0x4209E07C:0x3FCD8520 0x4209E15D:0x3FCD8560 0x420BAE5B:0x3FCD8590 0x420BB032:0x3FCD85B0 0x420BB0B4:0x3FCD85D0 0x42018E0F:0x3FCD85F0 0x420116FE:0x3FCD8610 0x42012D27:0x3FCD8630 0x420137DC:0x3FCD87C0 0x4200A3E7:0x3FCD8890 0x4219AD4B:0x3FCD88E0 0x40380D7D:0x3FCD8910

E (66781) task_wdt: Task watchdog got triggered. The following tasks/users did not reset the watchdog in time:
E (66781) task_wdt:  - IDLE0 (CPU 0)
E (66781) task_wdt: Tasks currently running:
E (66781) task_wdt: CPU 0: main
E (66781) task_wdt: CPU 1: IDLE1
E (66781) task_wdt: Print CPU 0 (current core) backtrace


Backtrace: 0x420DDC32:0x3FCA3B00 0x420DE04C:0x3FCA3B20 0x40377855:0x3FCA3B50 0x4209E07C:0x3FCD8520 0x4209E15D:0x3FCD8560 0x420BAE5B:0x3FCD8590 0x420BB032:0x3FCD85B0 0x420BB0B4:0x3FCD85D0 0x42018E0F:0x3FCD85F0 0x420116FE:0x3FCD8610 0x42012D27:0x3FCD8630 0x420137DC:0x3FCD87C0 0x4200A3E7:0x3FCD8890 0x4219AD4B:0x3FCD88E0 0x40380D7D:0x3FCD8910

E (71781) task_wdt: Task watchdog got triggered. The following tasks/users did not reset the watchdog in time:
E (71781) task_wdt:  - IDLE0 (CPU 0)
E (71781) task_wdt: Tasks currently running:
E (71781) task_wdt: CPU 0: main
E (71781) task_wdt: CPU 1: IDLE1
E (71781) task_wdt: Print CPU 0 (current core) backtrace


Backtrace: 0x420DDC32:0x3FCA3B00 0x420DE04C:0x3FCA3B20 0x40377855:0x3FCA3B50 0x4209E07C:0x3FCD8520 0x4209E15D:0x3FCD8560 0x420BAE5B:0x3FCD8590 0x420BB032:0x3FCD85B0 0x420BB0B4:0x3FCD85D0 0x42018E0F:0x3FCD85F0 0x420116FE:0x3FCD8610 0x42012D27:0x3FCD8630 0x420137DC:0x3FCD87C0 0x4200A3E7:0x3FCD8890 0x4219AD4B:0x3FCD88E0 0x40380D7D:0x3FCD8910

E (76781) task_wdt: Task watchdog got triggered. The following tasks/users did not reset the watchdog in time:
E (76781) task_wdt:  - IDLE0 (CPU 0)
E (76781) task_wdt: Tasks currently running:
E (76781) task_wdt: CPU 0: main
E (76781) task_wdt: CPU 1: voice_peer
E (76781) task_wdt: Print CPU 0 (current core) backtrace


Backtrace: 0x420DDC32:0x3FCA3B00 0x420DE04C:0x3FCA3B20 0x40377855:0x3FCA3B50 0x4209E07C:0x3FCD8520 0x4209E15D:0x3FCD8560 0x420BAE5B:0x3FCD8590 0x420BB032:0x3FCD85B0 0x420BB0B4:0x3FCD85D0 0x42018E0F:0x3FCD85F0 0x420116FE:0x3FCD8610 0x42012D27:0x3FCD8630 0x420137DC:0x3FCD87C0 0x4200A3E7:0x3FCD8890 0x4219AD4B:0x3FCD88E0 0x40380D7D:0x3FCD8910

E (81781) task_wdt: Task watchdog got triggered. The following tasks/users did not reset the watchdog in time:
E (81781) task_wdt:  - IDLE0 (CPU 0)
E (81781) task_wdt: Tasks currently running:
E (81781) task_wdt: CPU 0: main
E (81781) task_wdt: CPU 1: IDLE1
E (81781) task_wdt: Print CPU 0 (current core) backtrace


Backtrace: 0x420DDC32:0x3FCA3B00 0x420DE04C:0x3FCA3B20 0x40377855:0x3FCA3B50 0x4209E07C:0x3FCD8520 0x4209E15D:0x3FCD8560 0x420BAE5B:0x3FCD8590 0x420BB032:0x3FCD85B0 0x420BB0B4:0x3FCD85D0 0x42018E0F:0x3FCD85F0 0x420116FE:0x3FCD8610 0x42012D27:0x3FCD8630 0x420137DC:0x3FCD87C0 0x4200A3E7:0x3FCD8890 0x4219AD4B:0x3FCD88E0 0x40380D7D:0x3FCD8910

E (86781) task_wdt: Task watchdog got triggered. The following tasks/users did not reset the watchdog in time:
E (86781) task_wdt:  - IDLE0 (CPU 0)
E (86781) task_wdt: Tasks currently running:
E (86781) task_wdt: CPU 0: main
E (86781) task_wdt: CPU 1: IDLE1
E (86781) task_wdt: Print CPU 0 (current core) backtrace


Backtrace: 0x420DDC32:0x3FCA3B00 0x420DE04C:0x3FCA3B20 0x40377855:0x3FCA3B50 0x4209E07C:0x3FCD8520 0x4209E15D:0x3FCD8560 0x420BAE5B:0x3FCD8590 0x420BB032:0x3FCD85B0 0x420BB0B4:0x3FCD85D0 0x42018E0F:0x3FCD85F0 0x420116FE:0x3FCD8610 0x42012D27:0x3FCD8630 0x420137DC:0x3FCD87C0 0x4200A3E7:0x3FCD8890 0x4219AD4B:0x3FCD88E0 0x40380D7D:0x3FCD8910

E (91781) task_wdt: Task watchdog got triggered. The following tasks/users did not reset the watchdog in time:
E (91781) task_wdt:  - IDLE0 (CPU 0)
E (91781) task_wdt: Tasks currently running:
E (91781) task_wdt: CPU 0: main
E (91781) task_wdt: CPU 1: IDLE1
E (91781) task_wdt: Print CPU 0 (current core) backtrace


Backtrace: 0x420DDC32:0x3FCA3B00 0x420DE04C:0x3FCA3B20 0x40377855:0x3FCA3B50 0x4209E07C:0x3FCD8520 0x4209E15D:0x3FCD8560 0x420BAE5B:0x3FCD8590 0x420BB032:0x3FCD85B0 0x420BB0B4:0x3FCD85D0 0x42018E0F:0x3FCD85F0 0x420116FE:0x3FCD8610 0x42012D27:0x3FCD8630 0x420137DC:0x3FCD87C0 0x4200A3E7:0x3FCD8890 0x4219AD4B:0x3FCD88E0 0x40380D7D:0x3FCD8910

E (96781) task_wdt: Task watchdog got triggered. The following tasks/users did not reset the watchdog in time:
E (96781) task_wdt:  - IDLE0 (CPU 0)
E (96781) task_wdt: Tasks currently running:
E (96781) task_wdt: CPU 0: main
E (96781) task_wdt: CPU 1: IDLE1
E (96781) task_wdt: Print CPU 0 (current core) backtrace


Backtrace: 0x420DDC32:0x3FCA3B00 0x420DE04C:0x3FCA3B20 0x40377855:0x3FCA3B50 0x4209E07C:0x3FCD8520 0x4209E15D:0x3FCD8560 0x420BAE5B:0x3FCD8590 0x420BB032:0x3FCD85B0 0x420BB0B4:0x3FCD85D0 0x42018E0F:0x3FCD85F0 0x420116FE:0x3FCD8610 0x42012D27:0x3FCD8630 0x420137DC:0x3FCD87C0 0x4200A3E7:0x3FCD8890 0x4219AD4B:0x3FCD88E0 0x40380D7D:0x3FCD8910

E (101781) task_wdt: Task watchdog got triggered. The following tasks/users did not reset the watchdog in time:
E (101781) task_wdt:  - IDLE0 (CPU 0)
E (101781) task_wdt: Tasks currently running:
E (101781) task_wdt: CPU 0: main
E (101781) task_wdt: CPU 1: voice_peer
E (101781) task_wdt: Print CPU 0 (current core) backtrace


Backtrace: 0x420DDC32:0x3FCA3B00 0x420DE04C:0x3FCA3B20 0x40377855:0x3FCA3B50 0x4209E07C:0x3FCD8520 0x4209E15D:0x3FCD8560 0x420BAE5B:0x3FCD8590 0x420BB032:0x3FCD85B0 0x420BB0B4:0x3FCD85D0 0x42018E0F:0x3FCD85F0 0x420116FE:0x3FCD8610 0x42012D27:0x3FCD8630 0x420137DC:0x3FCD87C0 0x4200A3E7:0x3FCD8890 0x4219AD4B:0x3FCD88E0 0x40380D7D:0x3FCD8910

E (106781) task_wdt: Task watchdog got triggered. The following tasks/users did not reset the watchdog in time:
E (106781) task_wdt:  - IDLE0 (CPU 0)
E (106781) task_wdt: Tasks currently running:
E (106781) task_wdt: CPU 0: main
E (106781) task_wdt: CPU 1: IDLE1
E (106781) task_wdt: Print CPU 0 (current core) backtrace


Backtrace: 0x420DDC32:0x3FCA3B00 0x420DE04C:0x3FCA3B20 0x40377855:0x3FCA3B50 0x4209E07C:0x3FCD8520 0x4209E15D:0x3FCD8560 0x420BAE5B:0x3FCD8590 0x420BB032:0x3FCD85B0 0x420BB0B4:0x3FCD85D0 0x42018E0F:0x3FCD85F0 0x420116FE:0x3FCD8610 0x42012D27:0x3FCD8630 0x420137DC:0x3FCD87C0 0x4200A3E7:0x3FCD8890 0x4219AD4B:0x3FCD88E0 0x40380D7D:0x3FCD8910

E (111781) task_wdt: Task watchdog got triggered. The following tasks/users did not reset the watchdog in time:
E (111781) task_wdt:  - IDLE0 (CPU 0)
E (111781) task_wdt: Tasks currently running:
E (111781) task_wdt: CPU 0: main
E (111781) task_wdt: CPU 1: IDLE1
E (111781) task_wdt: Print CPU 0 (current core) backtrace


Backtrace: 0x420DDC32:0x3FCA3B00 0x420DE04C:0x3FCA3B20 0x40377855:0x3FCA3B50 0x4209E07C:0x3FCD8520 0x4209E15D:0x3FCD8560 0x420BAE5B:0x3FCD8590 0x420BB032:0x3FCD85B0 0x420BB0B4:0x3FCD85D0 0x42018E0F:0x3FCD85F0 0x420116FE:0x3FCD8610 0x42012D27:0x3FCD8630 0x420137DC:0x3FCD87C0 0x4200A3E7:0x3FCD8890 0x4219AD4B:0x3FCD88E0 0x40380D7D:0x3FCD8910

