idle2 I (10555) moq_bootstrap: authenticated time accepted
idle2 I (12026) moq_bootstrap: bootstrap accepted
idle2 I (18168) moq_bootstrap: authenticated time accepted
idle2 I (19625) moq_bootstrap: bootstrap accepted
idle2 I (63711) moq_bootstrap: authenticated time accepted
idle2 I (65164) moq_bootstrap: bootstrap accepted
idle2 I (70195) moq_bootstrap: bootstrap failed
audio1 I (82195) moq_bootstrap: authenticated time accepted
audio1 I (83647) moq_bootstrap: bootstrap accepted
audio1 I (92716) moq_bootstrap: authenticated time accepted
audio1 I (94173) moq_bootstrap: bootstrap accepted
audio1 I (101646) voice-moq: playout samples=16037 concealed=0 late=0 pressure=0 audio_stack=43548 network_stack=7140 dns_stack=2892
audio1 I (138498) moq_bootstrap: authenticated time accepted
audio1 I (139946) moq_bootstrap: bootstrap accepted
expired3 I (62084) moq_bootstrap: authenticated time accepted
expired3 W (62357) moq_bootstrap: certificate rejected
expired3 I (62359) moq_bootstrap: bootstrap failed
hostname1 I (103877) moq_bootstrap: authenticated time accepted
hostname1 W (104149) moq_bootstrap: certificate rejected
hostname1 I (104151) moq_bootstrap: bootstrap failed
untrusted1 I (109666) moq_bootstrap: authenticated time accepted
untrusted1 W (110181) moq_bootstrap: certificate rejected
untrusted1 I (110182) moq_bootstrap: bootstrap failed
notyet1 I (145991) moq_bootstrap: authenticated time accepted
notyet1 W (146263) moq_bootstrap: certificate rejected
notyet1 I (146264) moq_bootstrap: bootstrap failed
audio2 I (19020) moq_bootstrap: authenticated time accepted
audio2 I (20473) moq_bootstrap: bootstrap accepted
audio2 I (26581) moq_bootstrap: authenticated time accepted
audio2 I (28044) moq_bootstrap: bootstrap accepted
audio2 I (35527) voice-moq: playout samples=16037 concealed=0 late=0 pressure=0 audio_stack=43484 network_stack=7404 dns_stack=2884
audio2 I (36964) voice-moq: playout samples=16037 concealed=0 late=0 pressure=0 audio_stack=43484 network_stack=7404 dns_stack=2884
audio2 I (72370) moq_bootstrap: authenticated time accepted
audio2 I (73816) moq_bootstrap: bootstrap accepted
