I (236) esp_image: segment 1: paddr=0012450c vaddr=3fca0a00 size=06094h ( 24724) load
I (242) esp_image: segment 2: paddr=0012a5a8 vaddr=40374000 size=05a70h ( 23152) load
I (248) esp_image: segment 3: paddr=00130020 vaddr=42000020 size=19bdf4h (1687028) map
I (556) esp_image: segment 4: paddr=002cbe1c vaddr=40379a70 size=16f74h ( 94068) load
I (577) esp_image: segment 5: paddr=002e2d98 vaddr=50000000 size=00020h (    32) load
I (589) boot: Loaded app from partition at offset 0x10000
I (589) boot: Disabling RNG early entropy source...
I (591) esp_psram: Found 8MB PSRAM device
I (591) esp_psram: Speed: 80MHz
I (591) cpu_start: Multicore app
I (1509) esp_psram: SPI SRAM memory test OK
I (1518) cpu_start: Pro cpu start user code
I (1518) cpu_start: cpu freq: 240000000 Hz
I (1518) app_init: Application information:
I (1518) app_init: Project name:     doodad_runtime
I (1518) app_init: App version:      c73c16a-dirty
I (1518) app_init: Compile time:     Aug  5 2026 13:20:58
I (1518) app_init: ELF file SHA256:  a0145ac8a...
I (1518) app_init: ESP-IDF:          v5.5.5
I (1519) efuse_init: Min chip rev:     v0.0
I (1519) efuse_init: Max chip rev:     v0.99 
I (1519) efuse_init: Chip rev:         v0.2
I (1519) heap_init: Initializing. RAM available for dynamic allocation:
I (1519) heap_init: At 3FCD21C8 len 00017548 (93 KiB): RAM
I (1519) heap_init: At 3FCE9710 len 00005724 (21 KiB): RAM
I (1520) heap_init: At 3FCF0000 len 00008000 (32 KiB): DRAM
I (1520) heap_init: At 600FE000 len 00001FE8 (7 KiB): RTCRAM
I (1520) esp_psram: Adding pool of 8192K of PSRAM memory to heap allocator
I (1521) spi_flash: detected chip: generic
I (1521) spi_flash: flash io: dio
I (1523) sleep_gpio: Configure to isolate all GPIO pins in sleep state
I (1523) sleep_gpio: Enable automatic switching of GPIO sleep configuration
I (1524) main_task: Started on CPU0
I (1525) esp_psram: Reserving pool of 32K of internal memory for DMA/internal allocations
I (1525) main_task: Calling app_main()
I (1525) doodad: [host] boot
I (1555) M5GFX: [Autodetect] board_M5StackCoreS3SE
W (1713) Power: setExtPower(true) is canceled.
I (1784) doodad: [display] LVGL draw buffers caps=0x404 (19200 bytes each)
I (1850) doodad: [host] display ready
I (1909) package-service: package storage mounted: 3708 KiB free / 10060 KiB apps=1
I (1909) weather-provider: ESP-IDF network provider enabled
I (1925) pp: pp rom version: e7ae62f
I (1925) net80211: net80211 rom version: e7ae62f
I (1926) doodad: [host] runtime pthread started
I (1927) wifi:wifi driver task: 3fcdd668, prio:23, stack:6656, core=0
I (1934) wifi:wifi firmware version: b9f67df
I (1935) wifi:wifi certification version: v7.0
I (1935) wifi:config NVS flash: enabled
I (1935) wifi:config nano formatting: disabled
I (1935) wifi:Init data frame dynamic rx buffer num: 5
I (1936) wifi:Init static rx mgmt buffer num: 4
I (1936) wifi:Init management short buffer num: 8
I (1936) wifi:Init static tx buffer num: 6
I (1936) wifi:Init tx cache buffer num: 8
I (1936) wifi:Init static tx FG buffer num: 2
I (1937) wifi:Init static rx buffer size: 1600
I (1937) wifi:Init static rx buffer num: 5
I (1937) wifi:Init dynamic rx buffer num: 5
I (1938) wifi_init: rx ba win: 5
I (1939) wifi_init: accept mbox: 6
I (1939) wifi_init: tcpip mbox: 32
I (1939) wifi_init: udp mbox: 6
I (1939) wifi_init: tcp mbox: 6
I (1939) wifi_init: tcp tx win: 5760
I (1939) wifi_init: tcp rx win: 5760
I (1940) wifi_init: tcp mss: 1440
I (1940) wifi_init: WiFi/LWIP prefer SPIRAM
I (1940) wifi_init: WiFi IRAM OP enabled
I (1940) wifi_init: WiFi RX IRAM OP enabled
W (1941) wifi:Password length matches WPA2 standards, authmode threshold changes from OPEN to WPA2
I (1942) phy_init: phy_version 712,87e8c20e,Apr 13 2026,18:51:10
I (1977) wifi:mode : sta (1c:db:d4:ba:8e:00)
I (1978) wifi:enable tsf
I (1979) wifi:Set ps type: 0, coexist: 0

I (1979) network-service: shared Wi-Fi station initialized
I (1981) voice-service: agent journal restored revision=3 food=1 missed=1
I (1991) voice-service: audio DMA reserved bytes=4096 free=28499 largest=25600
I (1995) doodad: [visual] device_id=cores3-se-1cdbd4ba8e00 scene=boot-shell revision=1 frame_hash=2664f9b8
I (1999) doodad: [host] WAMR ready (interpreter, stack=16384, heap=16384)
I (2003) doodad: [host] no legacy onboard package at /packages/active.wasm
E (2027) vfs_fat_sdmmc: sdmmc_card_init failed (0x107).
W (2028) doodad: [host] microSD unavailable: ESP_ERR_TIMEOUT
I (2028) doodad: [host] using embedded recovery app
I (2028) doodad: [host] EMBEDDED app size: 445 bytes
I (2031) doodad: [host] module loaded
I (2034) doodad: [host] module instantiated
I (2035) doodad: [host] invoking app_start
I (2060) wifi:state: init -> auth (0xb0)
I (2063) wifi:state: auth -> assoc (0x0)
I (2070) wifi:state: assoc -> run (0x10)
I (2081) doodad: [guest] ui_mount: 151 bytes, 3 nodes
I (2082) doodad: [host] app started; instance remains resident
I (2085) doodad: [host] steady state; free heap: 8046623 bytes
I (2088) wifi:connected with melburnians, aid = 1, channel 1, BW20, bssid = 78:45:58:ec:1f:73
I (2089) wifi:security: WPA2-PSK, phy: bgn, rssi: -56, cipher(pairwise:0x3, group:0x3), pmf:0
I (2089) wifi:pm start, type: 0

I (2090) wifi:dp: 1, bi: 102400, li: 3, scale listen interval from 307200 us to 307200 us
I (2090) wifi:set rx beacon pti, rx_bcn_pti: 0, bcn_timeout: 25000, mt_pti: 0, mt_time: 10000
I (2115) wifi:AP's beacon interval = 102400 us, DTIM period = 1
I (2248) doodad: [visual] device_id=cores3-se-1cdbd4ba8e00 scene=home revision=6 frame_hash=42fbdc0c
I (3108) esp_netif_handlers: sta ip: 192.168.1.47, mask: 255.255.255.0, gw: 192.168.1.1
I (3793) doodad: [display] fps=2.0 frames=4 flushes=14 pixels=116655 avg_render_us=53681 max_render_us=94887 avg_flush_us=5021 max_flush_us=5778 touch_presses=0 objects=37 internal_free=34199 internal_min=29976 internal_largest=23552 psram_free=8010444 psram_min=7999652 psram_largest=7995392 total_frames=4 total_flushes=14 total_pixels=116655 total_avg_render_us=53681 total_max_render_us=94887 total_avg_flush_us=5021 total_max_flush_us=5778 transfer=synchronous
I (4529) voice-service: signaling endpoint discovered: ws://192.168.1.95:8765/ws
I (4531) websocket_client: Started
I (4777) DTLS: Init SRTP OK
I (5030) voice-service: peer state=2
I (5033) voice-service: peer state=3
I (5035) AGENT: Start agent as Controlling
I (5038) voice-service: remote audio codec=3 rate=48000 channels=1
I (5039) voice-service: local peer message type=1 size=545
I (5059) voice-service: local SDP chunks=9 delivered=1
E (5185) AGENT: 0 Not found for bind remote 192.168.1.95:64873
I (5200) PEER_DEF: Get peer role 0
I (5200) PEER_DEF: Extract SDP: stream_count=1, audio_mid=255 (dir=3), video_mid=255 (dir=3), data_mid=255, assrc=3397323192, vssrc=0, vrtx_ssrc=0, vfmt=0, vrtx_fmt=0
I (5201) AGENT: 0 Add remote type:1 192.168.1.95:64873
I (5201) voice-service: peer state=4
I (5201) voice-service: remote peer message type=1 size=1096 result=0
I (5208) AGENT: 0 0 Send binding request (cand:0) local0:192.168.1.47:53936 remote0:192.168.1.95:64873 id:7043bfa4398150e937521657
E (5212) AGENT: 0 Not found for bind remote 192.168.1.52:55211
I (5234) AGENT: 0 0 LocalBinding resp 7043bfa4398150e937521657 local1
I (5235) AGENT: 0 Select pair192.168.1.95:64873
I (5237) AGENT: 0 0 Send binding request (cand:1) local0:192.168.1.47:53936 remote0:192.168.1.95:64873 id:4d9a2fdb76c3625e55075020
I (5261) AGENT: 0 0 LocalBinding resp 4d9a2fdb76c3625e55075020 local1
I (5261) AGENT: 0 Candidate responded
I (5262) AGENT: 0 Connection OK 192.168.1.95:64873
I (5262) voice-service: peer state=5
I (5262) PEER_DEF: Start DTLS role as 1
I (5265) voice-service: peer state=6
I (5285) DTLS: Start to do server handshake
I (5793) doodad: [display] fps=0.0 frames=0 flushes=0 pixels=0 avg_render_us=0 max_render_us=0 avg_flush_us=0 max_flush_us=0 touch_presses=0 objects=37 internal_free=28575 internal_min=28376 internal_largest=20480 psram_free=7928252 psram_min=7913156 psram_largest=7864320 total_frames=4 total_flushes=14 total_pixels=116655 total_avg_render_us=53681 total_max_render_us=94887 total_avg_flush_us=5021 total_max_flush_us=5778 transfer=synchronous
I (6153) DTLS: SRTP connected OK
I (6159) DTLS: Server handshake success
I (6159) PEER_DEF: DTLS handshake success
I (6160) voice-service: peer state=7
I (7794) doodad: [display] fps=0.0 frames=0 flushes=0 pixels=0 avg_render_us=0 max_render_us=0 avg_flush_us=0 max_flush_us=0 touch_presses=0 objects=37 internal_free=28575 internal_min=28376 internal_largest=20480 psram_free=7924656 psram_min=7913156 psram_largest=7864320 total_frames=4 total_flushes=14 total_pixels=116655 total_avg_render_us=53681 total_max_render_us=94887 total_avg_flush_us=5021 total_max_flush_us=5778 transfer=synchronous
I (9796) doodad: [display] fps=0.0 frames=0 flushes=0 pixels=0 avg_render_us=0 max_render_us=0 avg_flush_us=0 max_flush_us=0 touch_presses=0 objects=37 internal_free=28575 internal_min=28376 internal_largest=20480 psram_free=7924656 psram_min=7913156 psram_largest=7864320 total_frames=4 total_flushes=14 total_pixels=116655 total_avg_render_us=53681 total_max_render_us=94887 total_avg_flush_us=5021 total_max_flush_us=5778 transfer=synchronous
I (11797) doodad: [display] fps=0.0 frames=0 flushes=0 pixels=0 avg_render_us=0 max_render_us=0 avg_flush_us=0 max_flush_us=0 touch_presses=0 objects=37 internal_free=28575 internal_min=28376 internal_largest=20480 psram_free=7924668 psram_min=7913156 psram_largest=7864320 total_frames=4 total_flushes=14 total_pixels=116655 total_avg_render_us=53681 total_max_render_us=94887 total_avg_flush_us=5021 total_max_flush_us=5778 transfer=synchronous
I (13798) doodad: [display] fps=0.0 frames=0 flushes=0 pixels=0 avg_render_us=0 max_render_us=0 avg_flush_us=0 max_flush_us=0 touch_presses=0 objects=37 internal_free=28575 internal_min=28376 internal_largest=20480 psram_free=7924668 psram_min=7913156 psram_largest=7864320 total_frames=4 total_flushes=14 total_pixels=116655 total_avg_render_us=53681 total_max_render_us=94887 total_avg_flush_us=5021 total_max_flush_us=5778 transfer=synchronous
I (15799) doodad: [display] fps=0.0 frames=0 flushes=0 pixels=0 avg_render_us=0 max_render_us=0 avg_flush_us=0 max_flush_us=0 touch_presses=0 objects=37 internal_free=28575 internal_min=28376 internal_largest=20480 psram_free=7924668 psram_min=7913156 psram_largest=7864320 total_frames=4 total_flushes=14 total_pixels=116655 total_avg_render_us=53681 total_max_render_us=94887 total_avg_flush_us=5021 total_max_flush_us=5778 transfer=synchronous
I (17799) doodad: [display] fps=0.0 frames=0 flushes=0 pixels=0 avg_render_us=0 max_render_us=0 avg_flush_us=0 max_flush_us=0 touch_presses=0 objects=37 internal_free=28575 internal_min=28376 internal_largest=20480 psram_free=7924836 psram_min=7913156 psram_largest=7864320 total_frames=4 total_flushes=14 total_pixels=116655 total_avg_render_us=53681 total_max_render_us=94887 total_avg_flush_us=5021 total_max_flush_us=5778 transfer=synchronous
I (19801) doodad: [display] fps=0.0 frames=0 flushes=0 pixels=0 avg_render_us=0 max_render_us=0 avg_flush_us=0 max_flush_us=0 touch_presses=0 objects=37 internal_free=28575 internal_min=28376 internal_largest=20480 psram_free=7924668 psram_min=7913156 psram_largest=7864320 total_frames=4 total_flushes=14 total_pixels=116655 total_avg_render_us=53681 total_max_render_us=94887 total_avg_flush_us=5021 total_max_flush_us=5778 transfer=synchronous
I (21539) doodad: [system] input=6 intent=2 surface=2 overlay=0 generation=3
I (21610) doodad: [visual] device_id=cores3-se-1cdbd4ba8e00 scene=installed-launcher revision=8 frame_hash=28891abb
I (21803) doodad: [display] fps=1.0 frames=2 flushes=6 pixels=57600 avg_render_us=63052 max_render_us=63052 avg_flush_us=5822 max_flush_us=6412 touch_presses=0 objects=13 internal_free=28575 internal_min=27732 internal_largest=20480 psram_free=7958464 psram_min=7913156 psram_largest=7864320 total_frames=6 total_flushes=20 total_pixels=174255 total_avg_render_us=56024 total_max_render_us=94887 total_avg_flush_us=5261 total_max_flush_us=6412 transfer=synchronous
I (23804) doodad: [display] fps=0.0 frames=0 flushes=0 pixels=0 avg_render_us=0 max_render_us=0 avg_flush_us=0 max_flush_us=0 touch_presses=0 objects=13 internal_free=28575 internal_min=27732 internal_largest=20480 psram_free=7958464 psram_min=7913156 psram_largest=7864320 total_frames=6 total_flushes=20 total_pixels=174255 total_avg_render_us=56024 total_max_render_us=94887 total_avg_flush_us=5261 total_max_flush_us=6412 transfer=synchronous
I (25805) doodad: [display] fps=0.0 frames=0 flushes=0 pixels=0 avg_render_us=0 max_render_us=0 avg_flush_us=0 max_flush_us=0 touch_presses=0 objects=13 internal_free=28575 internal_min=27732 internal_largest=20480 psram_free=7958464 psram_min=7913156 psram_largest=7864320 total_frames=6 total_flushes=20 total_pixels=174255 total_avg_render_us=56024 total_max_render_us=94887 total_avg_flush_us=5261 total_max_flush_us=6412 transfer=synchronous
I (27806) doodad: [display] fps=0.0 frames=0 flushes=0 pixels=0 avg_render_us=0 max_render_us=0 avg_flush_us=0 max_flush_us=0 touch_presses=0 objects=13 internal_free=28575 internal_min=27732 internal_largest=20480 psram_free=7958464 psram_min=7913156 psram_largest=7864320 total_frames=6 total_flushes=20 total_pixels=174255 total_avg_render_us=56024 total_max_render_us=94887 total_avg_flush_us=5261 total_max_flush_us=6412 transfer=synchronous
I (29806) doodad: [display] fps=0.0 frames=0 flushes=0 pixels=0 avg_render_us=0 max_render_us=0 avg_flush_us=0 max_flush_us=0 touch_presses=0 objects=13 internal_free=28575 internal_min=27732 internal_largest=20480 psram_free=7958632 psram_min=7913156 psram_largest=7864320 total_frames=6 total_flushes=20 total_pixels=174255 total_avg_render_us=56024 total_max_render_us=94887 total_avg_flush_us=5261 total_max_flush_us=6412 transfer=synchronous
I (31808) doodad: [display] fps=0.0 frames=0 flushes=0 pixels=0 avg_render_us=0 max_render_us=0 avg_flush_us=0 max_flush_us=0 touch_presses=0 objects=13 internal_free=28575 internal_min=27732 internal_largest=20480 psram_free=7958464 psram_min=7913156 psram_largest=7864320 total_frames=6 total_flushes=20 total_pixels=174255 total_avg_render_us=56024 total_max_render_us=94887 total_avg_flush_us=5261 total_max_flush_us=6412 transfer=synchronous
I (33810) doodad: [display] fps=0.0 frames=0 flushes=0 pixels=0 avg_render_us=0 max_render_us=0 avg_flush_us=0 max_flush_us=0 touch_presses=0 objects=13 internal_free=28575 internal_min=27732 internal_largest=20480 psram_free=7958464 psram_min=7913156 psram_largest=7864320 total_frames=6 total_flushes=20 total_pixels=174255 total_avg_render_us=56024 total_max_render_us=94887 total_avg_flush_us=5261 total_max_flush_us=6412 transfer=synchronous
I (35812) doodad: [display] fps=0.0 frames=0 flushes=0 pixels=0 avg_render_us=0 max_render_us=0 avg_flush_us=0 max_flush_us=0 touch_presses=0 objects=13 internal_free=28575 internal_min=27732 internal_largest=20480 psram_free=7958632 psram_min=7913156 psram_largest=7864320 total_frames=6 total_flushes=20 total_pixels=174255 total_avg_render_us=56024 total_max_render_us=94887 total_avg_flush_us=5261 total_max_flush_us=6412 transfer=synchronous
I (37813) doodad: [display] fps=0.0 frames=0 flushes=0 pixels=0 avg_render_us=0 max_render_us=0 avg_flush_us=0 max_flush_us=0 touch_presses=0 objects=13 internal_free=28575 internal_min=27732 internal_largest=20480 psram_free=7958464 psram_min=7913156 psram_largest=7864320 total_frames=6 total_flushes=20 total_pixels=174255 total_avg_render_us=56024 total_max_render_us=94887 total_avg_flush_us=5261 total_max_flush_us=6412 transfer=synchronous
I (39814) doodad: [display] fps=0.0 frames=0 flushes=0 pixels=0 avg_render_us=0 max_render_us=0 avg_flush_us=0 max_flush_us=0 touch_presses=0 objects=13 internal_free=28575 internal_min=27732 internal_largest=20480 psram_free=7958632 psram_min=7913156 psram_largest=7864320 total_frames=6 total_flushes=20 total_pixels=174255 total_avg_render_us=56024 total_max_render_us=94887 total_avg_flush_us=5261 total_max_flush_us=6412 transfer=synchronous
I (41621) doodad: [host] PERSONAL app size: 32654 bytes
I (41714) doodad: [host] module loaded
I (41720) doodad: [host] module instantiated
I (41721) doodad: [host] invoking app_start
I (41858) doodad: [guest] ui_mount: 1292 bytes, 27 nodes
I (41859) doodad: [host] app started; instance remains resident
I (41860) doodad: [packages] running dev.doodad.weather 0.1.0 7fa401c7227a without reboot
I (41964) doodad: [visual] device_id=cores3-se-1cdbd4ba8e00 scene=appspec revision=9 frame_hash=6c5f980d
I (41965) doodad: [display] fps=0.5 frames=1 flushes=6 pixels=57600 avg_render_us=102448 max_render_us=102448 avg_flush_us=5979 max_flush_us=6405 touch_presses=0 objects=31 internal_free=19927 internal_min=19084 internal_largest=11776 psram_free=7796552 psram_min=7795160 psram_largest=7733248 total_frames=7 total_flushes=26 total_pixels=231855 total_avg_render_us=65309 total_max_render_us=102448 total_avg_flush_us=5427 total_max_flush_us=6412 transfer=synchronous
I (43966) doodad: [display] fps=0.0 frames=0 flushes=0 pixels=0 avg_render_us=0 max_render_us=0 avg_flush_us=0 max_flush_us=0 touch_presses=0 objects=31 internal_free=19927 internal_min=19084 internal_largest=11776 psram_free=7796552 psram_min=7794728 psram_largest=7733248 total_frames=7 total_flushes=26 total_pixels=231855 total_avg_render_us=65309 total_max_render_us=102448 total_avg_flush_us=5427 total_max_flush_us=6412 transfer=synchronous
I (45056) esp-x509-crt-bundle: Certificate validated
I (45923) weather-provider: fresh forecast ready for San Francisco
I (45968) doodad: [display] fps=0.0 frames=0 flushes=0 pixels=0 avg_render_us=0 max_render_us=0 avg_flush_us=0 max_flush_us=0 touch_presses=0 objects=31 internal_free=28307 internal_min=19084 internal_largest=11264 psram_free=7796108 psram_min=7732716 psram_largest=7733248 total_frames=7 total_flushes=26 total_pixels=231855 total_avg_render_us=65309 total_max_render_us=102448 total_avg_flush_us=5427 total_max_flush_us=6412 transfer=synchronous
I (46088) doodad: [visual] device_id=cores3-se-1cdbd4ba8e00 scene=appspec-update revision=10 frame_hash=8b2a27f2
I (47969) doodad: [display] fps=0.5 frames=1 flushes=6 pixels=57600 avg_render_us=103880 max_render_us=103880 avg_flush_us=5971 max_flush_us=6679 touch_presses=0 objects=31 internal_free=28307 internal_min=19084 internal_largest=11264 psram_free=7796224 psram_min=7732716 psram_largest=7733248 total_frames=8 total_flushes=32 total_pixels=289455 total_avg_render_us=71737 total_max_render_us=103880 total_avg_flush_us=5529 total_max_flush_us=6679 transfer=synchronous
I (49969) doodad: [display] fps=0.0 frames=0 flushes=0 pixels=0 avg_render_us=0 max_render_us=0 avg_flush_us=0 max_flush_us=0 touch_presses=0 objects=31 internal_free=28307 internal_min=19084 internal_largest=11264 psram_free=7796224 psram_min=7732716 psram_largest=7733248 total_frames=8 total_flushes=32 total_pixels=289455 total_avg_render_us=71737 total_max_render_us=103880 total_avg_flush_us=5529 total_max_flush_us=6679 transfer=synchronous
I (51970) doodad: [display] fps=0.0 frames=0 flushes=0 pixels=0 avg_render_us=0 max_render_us=0 avg_flush_us=0 max_flush_us=0 touch_presses=0 objects=31 internal_free=28307 internal_min=19084 internal_largest=11264 psram_free=7796224 psram_min=7732716 psram_largest=7733248 total_frames=8 total_flushes=32 total_pixels=289455 total_avg_render_us=71737 total_max_render_us=103880 total_avg_flush_us=5529 total_max_flush_us=6679 transfer=synchronous
I (53972) doodad: [display] fps=0.0 frames=0 flushes=0 pixels=0 avg_render_us=0 max_render_us=0 avg_flush_us=0 max_flush_us=0 touch_presses=0 objects=31 internal_free=28307 internal_min=19084 internal_largest=11264 psram_free=7796224 psram_min=7732716 psram_largest=7733248 total_frames=8 total_flushes=32 total_pixels=289455 total_avg_render_us=71737 total_max_render_us=103880 total_avg_flush_us=5529 total_max_flush_us=6679 transfer=synchronous
I (55973) doodad: [display] fps=0.0 frames=0 flushes=0 pixels=0 avg_render_us=0 max_render_us=0 avg_flush_us=0 max_flush_us=0 touch_presses=0 objects=31 internal_free=28307 internal_min=19084 internal_largest=11264 psram_free=7796224 psram_min=7732716 psram_largest=7733248 total_frames=8 total_flushes=32 total_pixels=289455 total_avg_render_us=71737 total_max_render_us=103880 total_avg_flush_us=5529 total_max_flush_us=6679 transfer=synchronous
I (57974) doodad: [display] fps=0.0 frames=0 flushes=0 pixels=0 avg_render_us=0 max_render_us=0 avg_flush_us=0 max_flush_us=0 touch_presses=0 objects=31 internal_free=28307 internal_min=19084 internal_largest=11264 psram_free=7796392 psram_min=7732716 psram_largest=7733248 total_frames=8 total_flushes=32 total_pixels=289455 total_avg_render_us=71737 total_max_render_us=103880 total_avg_flush_us=5529 total_max_flush_us=6679 transfer=synchronous
I (59975) doodad: [display] fps=0.0 frames=0 flushes=0 pixels=0 avg_render_us=0 max_render_us=0 avg_flush_us=0 max_flush_us=0 toI (61564) doodad: [system] input=6 intent=2 surface=0 overlay=0 generation=6
I (61673) doodad: [visual] device_id=cores3-se-1cdbd4ba8e00 scene=home revision=11 frame_hash=42fbdc0c
I (61976) doodad: [display] fps=1.0 frames=2 flushes=6 pixels=57600 avg_render_us=93478 max_render_us=93478 avg_flush_us=5796 max_flush_us=6294 touch_presses=0 objects=37 internal_free=28307 internal_min=19084 internal_largest=11264 psram_free=7796224 psram_min=7732716 psram_largest=7733248 total_frames=10 total_flushes=38 total_pixels=347055 total_avg_render_us=74843 total_max_render_us=103880 total_avg_flush_us=5571 total_max_flush_us=6679 transfer=synchronous
I (62431) doodad: [host] uptime heartbeat; free heap: 7824531 bytes
I (63976) doodad: [display] fps=0.0 frames=0 flushes=0 pixels=0 avg_render_us=0 max_render_us=0 avg_flush_us=0 max_flush_us=0 touch_presses=0 objects=37 internal_free=28307 internal_min=19084 internal_largest=11264 psram_free=7796224 psram_min=7732716 psram_largest=7733248 total_frames=10 total_flushes=38 total_pixels=347055 total_avg_render_us=74843 total_max_render_us=103880 total_avg_flush_us=5571 total_max_flush_us=6679 transfer=synchronous
I (65978) doodad: [display] fps=0.0 frames=0 flushes=0 pixels=0 avg_render_us=0 max_render_us=0 avg_flush_us=0 max_flush_us=0 touch_presses=0 objects=37 internal_free=28307 internal_min=19084 internal_largest=11264 psram_free=7796224 psram_min=7732716 psram_largest=7733248 total_frames=10 total_flushes=38 total_pixels=347055 total_avg_render_us=74843 total_max_render_us=103880 total_avg_flush_us=5571 total_max_flush_us=6679 transfer=synchronous
I (67980) doodad: [display] fps=0.0 frames=0 flushes=0 pixels=0 avg_render_us=0 max_render_us=0 avg_flush_us=0 max_flush_us=0 touch_presses=0 objects=37 internal_free=28307 internal_min=19084 internal_largest=11264 psram_free=7796224 psram_min=7732716 psram_largest=7733248 total_frames=10 total_flushes=38 total_pixels=347055 total_avg_render_us=74843 total_max_render_us=103880 total_avg_flush_us=5571 total_max_flush_us=6679 transfer=synchronous
I (69981) doodad: [display] fps=0.0 frames=0 flushes=0 pixels=0 avg_render_us=0 max_render_us=0 avg_flush_us=0 max_flush_us=0 touch_presses=0 objects=37 internal_free=28307 internal_min=19084 internal_largest=11264 psram_free=7796224 psram_min=7732716 psram_largest=7733248 total_frames=10 total_flushes=38 total_pixels=347055 total_avg_render_us=74843 total_max_render_us=103880 total_avg_flush_us=5571 total_max_flush_us=6679 transfer=synchronous
I (71981) doodad: [display] fps=0.0 frames=0 flushes=0 pixels=0 avg_render_us=0 max_render_us=0 avg_flush_us=0 max_flush_us=0 touch_presses=0 objects=37 internal_free=28307 internal_min=19084 internal_largest=11264 psram_free=7796224 psram_min=7732716 psram_largest=7733248 total_frames=10 total_flushes=38 total_pixels=347055 total_avg_render_us=74843 total_max_render_us=103880 total_avg_flush_us=5571 total_max_flush_us=6679 transfer=synchronous
I (73982) doodad: [display] fps=0.0 frames=0 flushes=0 pixels=0 avg_render_us=0 max_render_us=0 avg_flush_us=0 max_flush_us=0 touch_presses=0 objects=37 internal_free=28307 internal_min=19084 internal_largest=11264 psram_free=7796224 psram_min=7732716 psram_largest=7733248 total_frames=10 total_flushes=38 total_pixels=347055 total_avg_render_us=74843 total_max_render_us=103880 total_avg_flush_us=5571 total_max_flush_us=6679 transfer=synchronous
I (75983) doodad: [display] fps=0.0 frames=0 flushes=0 pixels=0 avg_render_us=0 max_render_us=0 avg_flush_us=0 max_flush_us=0 touch_presses=0 objects=37 internal_free=28307 internal_min=19084 internal_largest=11264 psram_free=7796224 psram_min=7732716 psram_largest=7733248 total_frames=10 total_flushes=38 total_pixels=347055 total_avg_render_us=74843 total_max_render_us=103880 total_avg_flush_us=5571 total_max_flush_us=6679 transfer=synchronous
I (77984) doodad: [display] fps=0.0 frames=0 flushes=0 pixels=0 avg_render_us=0 max_render_us=0 avg_flush_us=0 max_flush_us=0 touch_presses=0 objects=37 internal_free=28307 internal_min=19084 internal_largest=11264 psram_free=7796392 psram_min=7732716 psram_largest=7733248 total_frames=10 total_flushes=38 total_pixels=347055 total_avg_render_us=74843 total_max_render_us=103880 total_avg_flush_us=5571 total_max_flush_us=6679 transfer=synchronous
I (79984) doodad: [display] fps=0.0 frames=0 flushes=0 pixels=0 avg_render_us=0 max_render_us=0 avg_flush_us=0 max_flush_us=0 touch_presses=0 objects=37 internal_free=28307 internal_min=19084 internal_largest=11264 psram_free=7796224 psram_min=7732716 psram_largest=7733248 total_frames=10 total_flushes=38 total_pixels=347055 total_avg_render_us=74843 total_max_render_us=103880 total_avg_flush_us=5571 total_max_flush_us=6679 transfer=synchronous
I (81552) doodad: [system] input=7 intent=5 surface=0 overlay=1 generation=8
I (81654) doodad: [visual] device_id=cores3-se-1cdbd4ba8e00 scene=voice-listening revision=12 frame_hash=54993de5
I (82009) doodad: [display] fps=10.4 frames=21 flushes=66 pixels=80160 avg_render_us=16343 max_render_us=95652 avg_flush_us=1029 max_flush_us=6452 touch_presses=0 objects=14 internal_free=29651 internal_min=19084 internal_largest=11264 psram_free=7796224 psram_min=7732716 psram_largest=7733248 total_frames=31 total_flushes=104 total_pixels=427215 total_avg_render_us=32723 total_max_render_us=103880 total_avg_flush_us=2689 total_max_flush_us=6679 transfer=synchronous
I (84032) doodad: [display] fps=47.0 frames=95 flushes=403 pixels=253600 avg_render_us=15205 max_render_us=20439 avg_flush_us=698 max_flush_us=1839 touch_presses=0 objects=14 internal_free=29907 internal_min=19084 internal_largest=11264 psram_free=7796224 psram_min=7732716 psram_largest=7733248 total_frames=126 total_flushes=507 total_pixels=680815 total_avg_render_us=18855 total_max_render_us=103880 total_avg_flush_us=1107 total_max_flush_us=6679 transfer=synchronous
I (86047) doodad: [display] fps=46.2 frames=93 flushes=398 pixels=250720 avg_render_us=15353 max_render_us=22041 avg_flush_us=703 max_flush_us=1852 touch_presses=0 objects=14 internal_free=29779 internal_min=19084 internal_largest=11264 psram_free=7796224 psram_min=7732716 psram_largest=7733248 total_frames=219 total_flushes=905 total_pixels=931535 total_avg_render_us=17326 total_max_render_us=103880 total_avg_flush_us=929 total_max_flush_us=6679 transfer=synchronous
I (88060) doodad: [display] fps=47.7 frames=96 flushes=397 pixels=249968 avg_render_us=14820 max_render_us=20366 avg_flush_us=708 max_flush_us=1799 touch_presses=0 objects=14 internal_free=29907 internal_min=19084 internal_largest=11264 psram_free=7796224 psram_min=7732716 psram_largest=7733248 total_frames=315 total_flushes=1302 total_pixels=1181503 total_avg_render_us=16547 total_max_render_us=103880 total_avg_flush_us=862 total_max_flush_us=6679 transfer=synchronous
I (90070) doodad: [display] fps=48.8 frames=98 flushes=397 pixels=243024 avg_render_us=14516 max_render_us=21077 avg_flush_us=687 max_flush_us=2278 touch_presses=0 objects=14 internal_free=29907 internal_min=19084 internal_largest=11264 psram_free=7796392 psram_min=7732716 psram_largest=7733248 total_frames=413 total_flushes=1699 total_pixels=1424527 total_avg_render_us=16058 total_max_render_us=103880 total_avg_flush_us=821 total_max_flush_us=6679 transfer=synchronous
I (92070) doodad: [display] fps=48.0 frames=96 flushes=392 pixels=237824 avg_render_us=14636 max_render_us=22772 avg_flush_us=685 max_flush_us=1639 touch_presses=0 objects=14 internal_free=29843 internal_min=19084 internal_largest=11264 psram_free=7796224 psram_min=7732716 psram_largest=7733248 total_frames=509 total_flushes=2091 total_pixels=1662351 total_avg_render_us=15787 total_max_render_us=103880 total_avg_flush_us=795 total_max_flush_us=6679 transfer=synchronous
I (94094) doodad: [display] fps=47.9 frames=97 flushes=404 pixels=243136 avg_render_us=14841 max_render_us=19045 avg_flush_us=697 max_flush_us=1647 touch_presses=0 objects=14 internal_free=29907 internal_min=19084 internal_largest=11264 psram_free=7796224 psram_min=7732716 psram_largest=7733248 total_frames=606 total_flushes=2495 total_pixels=1905487 total_avg_render_us=15634 total_max_render_us=103880 total_avg_flush_us=779 total_max_flush_us=6679 transfer=synchronous
I (96094) doodad: [display] fps=46.5 frames=93 flushes=396 pixels=243168 avg_render_us=15383 max_render_us=20797 avg_flush_us=696 max_flush_us=1703 touch_presses=0 objects=14 internal_free=29587 internal_min=19084 internal_largest=11264 psram_free=7796392 psram_min=7732716 psram_largest=7733248 total_frames=699 total_flushes=2891 total_pixels=2148655 total_avg_render_us=15600 total_max_render_us=103880 total_avg_flush_us=768 total_max_flush_us=6679 transfer=synchronous
I (100105) doodad: [display] fps=47.8 frames=96 flushes=398 pixels=249520 avg_render_us=14821 max_render_us=19776 avg_flush_us=699 max_flush_us=1414 touch_presses=0 objects=14 internal_free=29683 internal_min=19084 internal_largest=11264 psram_free=7796224 psram_min=7732716 psram_largest=7733248 total_frames=890 total_flushes=3685 total_pixels=2648159 total_avg_render_us=15446 total_max_render_us=103880 total_avg_flush_us=754 total_max_flush_us=6679 transfer=synchronous
I (101532) voice-service: downlink reset reason=cancelled received=0 queued=0 submitted=0 rejected=0 dropped=0 generation=2
I (101693) doodad: [visual] device_id=cores3-se-1cdbd4ba8e00 scene=home revision=13 frame_hash=42fbdc0c
I (102107) doodad: [display] fps=35.5 frames=71 flushes=289 pixels=213376 avg_render_us=15665 max_render_us=93709 avg_flush_us=761 max_flush_us=5889 touch_presses=0 objects=37 internal_free=28307 internal_min=19084 internal_largest=11264 psram_free=7796224 psram_min=7732716 psram_largest=7733248 total_frames=961 total_flushes=3974 total_pixels=2861535 total_avg_render_us=15462 total_max_render_us=103880 total_avg_flush_us=754 total_max_flush_us=6679 transfer=synchronous
I (104107) doodad: [display] fps=0.0 frames=0 flushes=0 pixels=0 avg_render_us=0 max_render_us=0 avg_flush_us=0 max_flush_us=0 touch_presses=0 objects=37 internal_free=28307 internal_min=19084 internal_largest=11264 psram_free=7796224 psram_min=7732716 psram_largest=7733248 total_frames=961 total_flushes=3974 total_pixels=2861535 total_avg_render_us=15462 total_max_render_us=103880 total_avg_flush_us=754 total_max_flush_us=6679 transfer=synchronous
I (106109) doodad: [display] fps=0.0 frames=0 flushes=0 pixels=0 avg_render_us=0 max_render_us=0 avg_flush_us=0 max_flush_us=0 touch_presses=0 objects=37 internal_free=28307 internal_min=19084 internal_largest=11264 psram_free=7796224 psram_min=7732716 psram_largest=7733248 total_frames=961 total_flushes=3974 total_pixels=2861535 total_avg_render_us=15462 total_max_render_us=103880 total_avg_flush_us=754 total_max_flush_us=6679 transfer=synchronous
