Executing action: all (aliases: build)
Running ninja in directory /private/tmp/moq-ultra-ci-build
Executing "ninja all"...
[1/9] Performing build step for 'bootloader'
[1/1] cd /private/tmp/moq-ultra-ci-build/bootloader/esp-idf/esptool_py && /Users/nickchadwick/.espressif/python_env/idf5.5_py3.12_env/bin/python /Users/nickchadwick/.espressif/frameworks/esp-idf-v5.5.5/components/partition_table/check_sizes.py --offset 0x8000 bootloader 0x0 /private/tmp/moq-ultra-ci-build/bootloader/bootloader.bin
Bootloader binary size 0x5170 bytes. 0x2e90 bytes (36%) free.
[2/9] No install step for 'bootloader'
[3/9] Completed 'bootloader'
[4/9] Building C object esp-idf/esp_moq/CMakeFiles/__idf_esp_moq.dir/src/engine.c.obj
[5/9] Linking C static library esp-idf/esp_moq/libesp_moq.a
[6/9] Generating esp-idf/esp_system/ld/sections.ld
[7/9] Linking CXX executable esp_moq_ultra_transport.elf
[8/9] Generating binary image from built executable
esptool.py v4.12.0
Creating esp32s3 image...
Merged 2 ELF sections
Successfully created esp32s3 image.
Generated /private/tmp/moq-ultra-ci-build/esp_moq_ultra_transport.bin
[9/9] cd /private/tmp/moq-ultra-ci-build/esp-idf/esptool_py && /Users/nickchadwick/.espressif/python_env/idf5.5_py3.12_env/bin/python /Users/nickchadwick/.espressif/frameworks/esp-idf-v5.5.5/components/partition_table/check_sizes.py --offset 0x8000 partition --type app /private/tmp/moq-ultra-ci-build/partition_table/partition-table.bin /private/tmp/moq-ultra-ci-build/esp_moq_ultra_transport.bin
esp_moq_ultra_transport.bin binary size 0x1493c0 bytes. Smallest app partition is 0x200000 bytes. 0xb6c40 bytes (36%) free.

Project build complete. To flash, run:
 idf.py flash
or
 idf.py -p PORT flash
or
 python -m esptool --chip esp32s3 -b 460800 --before default_reset --after hard_reset write_flash --flash_mode dio --flash_size 16MB --flash_freq 80m 0x0 ../../../../../../../../private/tmp/moq-ultra-ci-build/bootloader/bootloader.bin 0x8000 ../../../../../../../../private/tmp/moq-ultra-ci-build/partition_table/partition-table.bin 0x10000 ../../../../../../../../private/tmp/moq-ultra-ci-build/esp_moq_ultra_transport.bin
or from the "/private/tmp/moq-ultra-ci-build" directory
 python -m esptool --chip esp32s3 -b 460800 --before default_reset --after hard_reset write_flash "@flash_args"
