I (1016) esp_psram: SPI SRAM memory test OK
I (1024) cpu_start: Pro cpu start user code
I (1025) cpu_start: cpu freq: 160000000 Hz
I (1025) app_init: Application information:
I (1025) app_init: Project name:     esp_moq_ultra_probe
I (1025) app_init: App version:      f827391-dirty
I (1025) app_init: Compile time:     Aug 30 2026 17:53:20
I (1025) app_init: ELF file SHA256:  6a8ad8ecf...
I (1026) app_init: ESP-IDF:          v5.5.5
I (1026) efuse_init: Min chip rev:     v0.0
I (1026) efuse_init: Max chip rev:     v0.99 
I (1026) efuse_init: Chip rev:         v0.2
I (1026) heap_init: Initializing. RAM available for dynamic allocation:
I (1027) heap_init: At 3FC96788 len 00052F88 (331 KiB): RAM
I (1027) heap_init: At 3FCE9710 len 00005724 (21 KiB): RAM
I (1027) heap_init: At 3FCF0000 len 00008000 (32 KiB): DRAM
I (1027) heap_init: At 600FE000 len 00001FE8 (7 KiB): RTCRAM
I (1027) esp_psram: Adding pool of 8192K of PSRAM memory to heap allocator
I (1028) spi_flash: detected chip: winbond
I (1028) spi_flash: flash io: dio
I (1029) sleep_gpio: Configure to isolate all GPIO pins in sleep state
I (1029) sleep_gpio: Enable automatic switching of GPIO sleep configuration
I (1030) main_task: Started on CPU0
I (1030) esp_psram: Reserving pool of 32K of internal memory for DMA/internal allocations
I (1030) main_task: Calling app_main()
I (3530) moq-ultra-probe: target=esp32s3 revision=2 flash=16777216 psram=8388608 quad=1 core_bytes=8704
I (3530) moq-ultra-probe: phase=boot internal_free=376547 internal_min=344516 internal_largest=278528 psram_free=8386192 psram_largest=8257536
I (4450) moq-ultra-probe: PSRAM pattern test bytes=4194304 passes=2 elapsed_us=927903
I (4450) moq-ultra-probe: phase=after_psram internal_free=376547 internal_min=344516 internal_largest=278528 psram_free=8386192 psram_largest=8257536
I (4460) moq-ultra-probe: phase=tls_context_only internal_free=373575 internal_min=341544 internal_largest=278528 psram_free=8386192 psram_largest=8257536
I (4460) moq-ultra-probe: phase=after_tls_free internal_free=376547 internal_min=341544 internal_largest=278528 psram_free=8386192 psram_largest=8257536
I (4460) moq-ultra-probe: PASS: Ultra memory probe and TLS context only, ngtcp2=1.25.0
W (4460) moq-ultra-probe: No network handshake, stream soak, audio, display, or full-shell readiness is established
I (4460) main_task: Returned from app_main()
